Archive member included to satisfy reference by file (symbol)

C:/ST/STM32CubeIDE_1.19.0/STM32CubeIDE/plugins/com.st.stm32cube.ide.mcu.externaltools.gnu-tools-for-stm32.13.3.rel1.win32_1.0.0.202411081344/tools/bin/../lib/gcc/arm-none-eabi/13.3.1/../../../../arm-none-eabi/lib/thumb/v7e-m+fp/hard\libc_nano.a(libc_a-exit.o)
                              C:/ST/STM32CubeIDE_1.19.0/STM32CubeIDE/plugins/com.st.stm32cube.ide.mcu.externaltools.gnu-tools-for-stm32.13.3.rel1.win32_1.0.0.202411081344/tools/bin/../lib/gcc/arm-none-eabi/13.3.1/../../../../arm-none-eabi/lib/thumb/v7e-m+fp/hard/crt0.o (exit)
C:/ST/STM32CubeIDE_1.19.0/STM32CubeIDE/plugins/com.st.stm32cube.ide.mcu.externaltools.gnu-tools-for-stm32.13.3.rel1.win32_1.0.0.202411081344/tools/bin/../lib/gcc/arm-none-eabi/13.3.1/../../../../arm-none-eabi/lib/thumb/v7e-m+fp/hard\libc_nano.a(libc_a-findfp.o)
                              C:/ST/STM32CubeIDE_1.19.0/STM32CubeIDE/plugins/com.st.stm32cube.ide.mcu.externaltools.gnu-tools-for-stm32.13.3.rel1.win32_1.0.0.202411081344/tools/bin/../lib/gcc/arm-none-eabi/13.3.1/../../../../arm-none-eabi/lib/thumb/v7e-m+fp/hard\libc_nano.a(libc_a-exit.o) (__stdio_exit_handler)
C:/ST/STM32CubeIDE_1.19.0/STM32CubeIDE/plugins/com.st.stm32cube.ide.mcu.externaltools.gnu-tools-for-stm32.13.3.rel1.win32_1.0.0.202411081344/tools/bin/../lib/gcc/arm-none-eabi/13.3.1/../../../../arm-none-eabi/lib/thumb/v7e-m+fp/hard\libc_nano.a(libc_a-fwalk.o)
                              C:/ST/STM32CubeIDE_1.19.0/STM32CubeIDE/plugins/com.st.stm32cube.ide.mcu.externaltools.gnu-tools-for-stm32.13.3.rel1.win32_1.0.0.202411081344/tools/bin/../lib/gcc/arm-none-eabi/13.3.1/../../../../arm-none-eabi/lib/thumb/v7e-m+fp/hard\libc_nano.a(libc_a-findfp.o) (_fwalk_sglue)
C:/ST/STM32CubeIDE_1.19.0/STM32CubeIDE/plugins/com.st.stm32cube.ide.mcu.externaltools.gnu-tools-for-stm32.13.3.rel1.win32_1.0.0.202411081344/tools/bin/../lib/gcc/arm-none-eabi/13.3.1/../../../../arm-none-eabi/lib/thumb/v7e-m+fp/hard\libc_nano.a(libc_a-setbuf.o)
                              ./Core/Src/main.o (setbuf)
C:/ST/STM32CubeIDE_1.19.0/STM32CubeIDE/plugins/com.st.stm32cube.ide.mcu.externaltools.gnu-tools-for-stm32.13.3.rel1.win32_1.0.0.202411081344/tools/bin/../lib/gcc/arm-none-eabi/13.3.1/../../../../arm-none-eabi/lib/thumb/v7e-m+fp/hard\libc_nano.a(libc_a-setvbuf.o)
                              C:/ST/STM32CubeIDE_1.19.0/STM32CubeIDE/plugins/com.st.stm32cube.ide.mcu.externaltools.gnu-tools-for-stm32.13.3.rel1.win32_1.0.0.202411081344/tools/bin/../lib/gcc/arm-none-eabi/13.3.1/../../../../arm-none-eabi/lib/thumb/v7e-m+fp/hard\libc_nano.a(libc_a-setbuf.o) (setvbuf)
C:/ST/STM32CubeIDE_1.19.0/STM32CubeIDE/plugins/com.st.stm32cube.ide.mcu.externaltools.gnu-tools-for-stm32.13.3.rel1.win32_1.0.0.202411081344/tools/bin/../lib/gcc/arm-none-eabi/13.3.1/../../../../arm-none-eabi/lib/thumb/v7e-m+fp/hard\libc_nano.a(libc_a-stdio.o)
                              C:/ST/STM32CubeIDE_1.19.0/STM32CubeIDE/plugins/com.st.stm32cube.ide.mcu.externaltools.gnu-tools-for-stm32.13.3.rel1.win32_1.0.0.202411081344/tools/bin/../lib/gcc/arm-none-eabi/13.3.1/../../../../arm-none-eabi/lib/thumb/v7e-m+fp/hard\libc_nano.a(libc_a-findfp.o) (__sread)
C:/ST/STM32CubeIDE_1.19.0/STM32CubeIDE/plugins/com.st.stm32cube.ide.mcu.externaltools.gnu-tools-for-stm32.13.3.rel1.win32_1.0.0.202411081344/tools/bin/../lib/gcc/arm-none-eabi/13.3.1/../../../../arm-none-eabi/lib/thumb/v7e-m+fp/hard\libc_nano.a(libc_a-memset.o)
                              C:/ST/STM32CubeIDE_1.19.0/STM32CubeIDE/plugins/com.st.stm32cube.ide.mcu.externaltools.gnu-tools-for-stm32.13.3.rel1.win32_1.0.0.202411081344/tools/bin/../lib/gcc/arm-none-eabi/13.3.1/../../../../arm-none-eabi/lib/thumb/v7e-m+fp/hard/crt0.o (memset)
C:/ST/STM32CubeIDE_1.19.0/STM32CubeIDE/plugins/com.st.stm32cube.ide.mcu.externaltools.gnu-tools-for-stm32.13.3.rel1.win32_1.0.0.202411081344/tools/bin/../lib/gcc/arm-none-eabi/13.3.1/../../../../arm-none-eabi/lib/thumb/v7e-m+fp/hard\libc_nano.a(libc_a-closer.o)
                              C:/ST/STM32CubeIDE_1.19.0/STM32CubeIDE/plugins/com.st.stm32cube.ide.mcu.externaltools.gnu-tools-for-stm32.13.3.rel1.win32_1.0.0.202411081344/tools/bin/../lib/gcc/arm-none-eabi/13.3.1/../../../../arm-none-eabi/lib/thumb/v7e-m+fp/hard\libc_nano.a(libc_a-stdio.o) (_close_r)
C:/ST/STM32CubeIDE_1.19.0/STM32CubeIDE/plugins/com.st.stm32cube.ide.mcu.externaltools.gnu-tools-for-stm32.13.3.rel1.win32_1.0.0.202411081344/tools/bin/../lib/gcc/arm-none-eabi/13.3.1/../../../../arm-none-eabi/lib/thumb/v7e-m+fp/hard\libc_nano.a(libc_a-reent.o)
                              C:/ST/STM32CubeIDE_1.19.0/STM32CubeIDE/plugins/com.st.stm32cube.ide.mcu.externaltools.gnu-tools-for-stm32.13.3.rel1.win32_1.0.0.202411081344/tools/bin/../lib/gcc/arm-none-eabi/13.3.1/../../../../arm-none-eabi/lib/thumb/v7e-m+fp/hard\libc_nano.a(libc_a-closer.o) (errno)
[...]
Memory Configuration

Name             Origin             Length             Attributes
CCMRAM           0x10000000         0x00010000         xrw
RAM              0x20000000         0x00030000         xrw
FLASH            0x08000000         0x00200000         xr
*default*        0x00000000         0xffffffff

Linker script and memory map

LOAD C:/ST/STM32CubeIDE_1.19.0/STM32CubeIDE/plugins/com.st.stm32cube.ide.mcu.externaltools.gnu-tools-for-stm32.13.3.rel1.win32_1.0.0.202411081344/tools/bin/../lib/gcc/arm-none-eabi/13.3.1/thumb/v7e-m+fp/hard/crti.o
LOAD C:/ST/STM32CubeIDE_1.19.0/STM32CubeIDE/plugins/com.st.stm32cube.ide.mcu.externaltools.gnu-tools-for-stm32.13.3.rel1.win32_1.0.0.202411081344/tools/bin/../lib/gcc/arm-none-eabi/13.3.1/thumb/v7e-m+fp/hard/crtbegin.o
LOAD C:/ST/STM32CubeIDE_1.19.0/STM32CubeIDE/plugins/com.st.stm32cube.ide.mcu.externaltools.gnu-tools-for-stm32.13.3.rel1.win32_1.0.0.202411081344/tools/bin/../lib/gcc/arm-none-eabi/13.3.1/../../../../arm-none-eabi/lib/thumb/v7e-m+fp/hard/crt0.o
LOAD ./Core/Src/main.o
LOAD ./Core/Src/stm32f4xx_hal_msp.o
LOAD ./Core/Src/stm32f4xx_it.o
LOAD ./Core/Src/syscalls.o
LOAD ./Core/Src/sysmem.o
LOAD ./Core/Src/system_stm32f4xx.o
LOAD ./Core/Startup/startup_stm32f429zitx.o
LOAD ./Drivers/STM32F4xx_HAL_Driver/Src/stm32f4xx_hal.o
LOAD ./Drivers/STM32F4xx_HAL_Driver/Src/stm32f4xx_hal_cortex.o
LOAD ./Drivers/STM32F4xx_HAL_Driver/Src/stm32f4xx_hal_dma.o
LOAD ./Drivers/STM32F4xx_HAL_Driver/Src/stm32f4xx_hal_dma_ex.o
LOAD ./Drivers/STM32F4xx_HAL_Driver/Src/stm32f4xx_hal_eth.o
LOAD ./Drivers/STM32F4xx_HAL_Driver/Src/stm32f4xx_hal_exti.o
LOAD ./Drivers/STM32F4xx_HAL_Driver/Src/stm32f4xx_hal_flash.o
LOAD ./Drivers/STM32F4xx_HAL_Driver/Src/stm32f4xx_hal_flash_ex.o
LOAD ./Drivers/STM32F4xx_HAL_Driver/Src/stm32f4xx_hal_flash_ramfunc.o
LOAD ./Drivers/STM32F4xx_HAL_Driver/Src/stm32f4xx_hal_gpio.o
LOAD ./Drivers/STM32F4xx_HAL_Driver/Src/stm32f4xx_hal_i2s.o
LOAD ./Drivers/STM32F4xx_HAL_Driver/Src/stm32f4xx_hal_i2s_ex.o
LOAD ./Drivers/STM32F4xx_HAL_Driver/Src/stm32f4xx_hal_pcd.o
LOAD ./Drivers/STM32F4xx_HAL_Driver/Src/stm32f4xx_hal_pcd_ex.o
LOAD ./Drivers/STM32F4xx_HAL_Driver/Src/stm32f4xx_hal_pwr.o
LOAD ./Drivers/STM32F4xx_HAL_Driver/Src/stm32f4xx_hal_pwr_ex.o
LOAD ./Drivers/STM32F4xx_HAL_Driver/Src/stm32f4xx_hal_rcc.o
LOAD ./Drivers/STM32F4xx_HAL_Driver/Src/stm32f4xx_hal_rcc_ex.o
LOAD ./Drivers/STM32F4xx_HAL_Driver/Src/stm32f4xx_hal_uart.o
LOAD ./Drivers/STM32F4xx_HAL_Driver/Src/stm32f4xx_ll_usb.o
LOAD ./Middlewares/ST/STM32_USB_Device_Library/Class/AUDIO/Src/usbd_audio.o
LOAD ./Middlewares/ST/STM32_USB_Device_Library/Core/Src/usbd_core.o
LOAD ./Middlewares/ST/STM32_USB_Device_Library/Core/Src/usbd_ctlreq.o
LOAD ./Middlewares/ST/STM32_USB_Device_Library/Core/Src/usbd_ioreq.o
LOAD ./USB_DEVICE/App/usb_device.o
LOAD ./USB_DEVICE/App/usbd_audio_if.o
LOAD ./USB_DEVICE/App/usbd_desc.o
LOAD ./USB_DEVICE/Target/usbd_conf.o
START GROUP
LOAD C:/ST/STM32CubeIDE_1.19.0/STM32CubeIDE/plugins/com.st.stm32cube.ide.mcu.externaltools.gnu-tools-for-stm32.13.3.rel1.win32_1.0.0.202411081344/tools/bin/../lib/gcc/arm-none-eabi/13.3.1/../../../../arm-none-eabi/lib/thumb/v7e-m+fp/hard\libc_nano.a
LOAD C:/ST/STM32CubeIDE_1.19.0/STM32CubeIDE/plugins/com.st.stm32cube.ide.mcu.externaltools.gnu-tools-for-stm32.13.3.rel1.win32_1.0.0.202411081344/tools/bin/../lib/gcc/arm-none-eabi/13.3.1/../../../../arm-none-eabi/lib/thumb/v7e-m+fp/hard\libm.a
END GROUP
START GROUP
LOAD C:/ST/STM32CubeIDE_1.19.0/STM32CubeIDE/plugins/com.st.stm32cube.ide.mcu.externaltools.gnu-tools-for-stm32.13.3.rel1.win32_1.0.0.202411081344/tools/bin/../lib/gcc/arm-none-eabi/13.3.1/thumb/v7e-m+fp/hard\libgcc.a
LOAD C:/ST/STM32CubeIDE_1.19.0/STM32CubeIDE/plugins/com.st.stm32cube.ide.mcu.externaltools.gnu-tools-for-stm32.13.3.rel1.win32_1.0.0.202411081344/tools/bin/../lib/gcc/arm-none-eabi/13.3.1/../../../../arm-none-eabi/lib/thumb/v7e-m+fp/hard\libc_nano.a
END GROUP
START GROUP
LOAD C:/ST/STM32CubeIDE_1.19.0/STM32CubeIDE/plugins/com.st.stm32cube.ide.mcu.externaltools.gnu-tools-for-stm32.13.3.rel1.win32_1.0.0.202411081344/tools/bin/../lib/gcc/arm-none-eabi/13.3.1/thumb/v7e-m+fp/hard\libgcc.a
LOAD C:/ST/STM32CubeIDE_1.19.0/STM32CubeIDE/plugins/com.st.stm32cube.ide.mcu.externaltools.gnu-tools-for-stm32.13.3.rel1.win32_1.0.0.202411081344/tools/bin/../lib/gcc/arm-none-eabi/13.3.1/../../../../arm-none-eabi/lib/thumb/v7e-m+fp/hard\libc_nano.a
LOAD C:/ST/STM32CubeIDE_1.19.0/STM32CubeIDE/plugins/com.st.stm32cube.ide.mcu.externaltools.gnu-tools-for-stm32.13.3.rel1.win32_1.0.0.202411081344/tools/bin/../lib/gcc/arm-none-eabi/13.3.1/../../../../arm-none-eabi/lib/thumb/v7e-m+fp/hard\libnosys.a
END GROUP
START GROUP
LOAD C:/ST/STM32CubeIDE_1.19.0/STM32CubeIDE/plugins/com.st.stm32cube.ide.mcu.externaltools.gnu-tools-for-stm32.13.3.rel1.win32_1.0.0.202411081344/tools/bin/../lib/gcc/arm-none-eabi/13.3.1/thumb/v7e-m+fp/hard\libgcc.a
LOAD C:/ST/STM32CubeIDE_1.19.0/STM32CubeIDE/plugins/com.st.stm32cube.ide.mcu.externaltools.gnu-tools-for-stm32.13.3.rel1.win32_1.0.0.202411081344/tools/bin/../lib/gcc/arm-none-eabi/13.3.1/../../../../arm-none-eabi/lib/thumb/v7e-m+fp/hard\libc_nano.a
LOAD C:/ST/STM32CubeIDE_1.19.0/STM32CubeIDE/plugins/com.st.stm32cube.ide.mcu.externaltools.gnu-tools-for-stm32.13.3.rel1.win32_1.0.0.202411081344/tools/bin/../lib/gcc/arm-none-eabi/13.3.1/../../../../arm-none-eabi/lib/thumb/v7e-m+fp/hard\libnosys.a
END GROUP
LOAD C:/ST/STM32CubeIDE_1.19.0/STM32CubeIDE/plugins/com.st.stm32cube.ide.mcu.externaltools.gnu-tools-for-stm32.13.3.rel1.win32_1.0.0.202411081344/tools/bin/../lib/gcc/arm-none-eabi/13.3.1/thumb/v7e-m+fp/hard/crtend.o
LOAD C:/ST/STM32CubeIDE_1.19.0/STM32CubeIDE/plugins/com.st.stm32cube.ide.mcu.externaltools.gnu-tools-for-stm32.13.3.rel1.win32_1.0.0.202411081344/tools/bin/../lib/gcc/arm-none-eabi/13.3.1/thumb/v7e-m+fp/hard/crtn.o
                0x20030000                        _estack = (ORIGIN (RAM) + LENGTH (RAM))
                0x00008000                        _Min_Heap_Size = 0x8000
                0x00000400                        _Min_Stack_Size = 0x400

.isr_vector     0x08000000      0x1ac
                0x08000000                        . = ALIGN (0x4)
 *(.isr_vector)
 .isr_vector    0x08000000      0x1ac ./Core/Startup/startup_stm32f429zitx.o
                0x08000000                g_pfnVectors
                0x080001ac                        . = ALIGN (0x4)

.text           0x080001b0     0x5a4c
                0x080001b0                        . = ALIGN (0x4)
 *(.text)
 .text          0x080001b0       0x40 C:/ST/STM32CubeIDE_1.19.0/STM32CubeIDE/plugins/com.st.stm32cube.ide.mcu.externaltools.gnu-tools-for-stm32.13.3.rel1.win32_1.0.0.202411081344/tools/bin/../lib/gcc/arm-none-eabi/13.3.1/thumb/v7e-m+fp/hard/crtbegin.o
 .text          0x080001f0       0x10 C:/ST/STM32CubeIDE_1.19.0/STM32CubeIDE/plugins/com.st.stm32cube.ide.mcu.externaltools.gnu-tools-for-stm32.13.3.rel1.win32_1.0.0.202411081344/tools/bin/../lib/gcc/arm-none-eabi/13.3.1/../../../../arm-none-eabi/lib/thumb/v7e-m+fp/hard\libc_nano.a(libc_a-strlen.o)
                0x080001f0                strlen
 .text          0x08000200       0x30 C:/ST/STM32CubeIDE_1.19.0/STM32CubeIDE/plugins/com.st.stm32cube.ide.mcu.externaltools.gnu-tools-for-stm32.13.3.rel1.win32_1.0.0.202411081344/tools/bin/../lib/gcc/arm-none-eabi/13.3.1/thumb/v7e-m+fp/hard\libgcc.a(_aeabi_uldivmod.o)
                0x08000200                __aeabi_uldivmod
 .text          0x08000230      0x2f8 C:/ST/STM32CubeIDE_1.19.0/STM32CubeIDE/plugins/com.st.stm32cube.ide.mcu.externaltools.gnu-tools-for-stm32.13.3.rel1.win32_1.0.0.202411081344/tools/bin/../lib/gcc/arm-none-eabi/13.3.1/thumb/v7e-m+fp/hard\libgcc.a(_udivmoddi4.o)
                0x08000230                __udivmoddi4
 .text          0x08000528        0x4 C:/ST/STM32CubeIDE_1.19.0/STM32CubeIDE/plugins/com.st.stm32cube.ide.mcu.externaltools.gnu-tools-for-stm32.13.3.rel1.win32_1.0.0.202411081344/tools/bin/../lib/gcc/arm-none-eabi/13.3.1/thumb/v7e-m+fp/hard\libgcc.a(_dvmd_tls.o)
                0x08000528                __aeabi_idiv0
                0x08000528                __aeabi_ldiv0
 *(.text*)
 .text._write   0x0800052c       0x18 ./Core/Src/main.o
                0x0800052c                _write
 .text.SystemClock_Config
                0x08000544       0xa4 ./Core/Src/main.o
                0x08000544                SystemClock_Config
 .text.startup.main
                0x080005e8      0x228 ./Core/Src/main.o
                0x080005e8                main
 .text.Error_Handler
                0x08000810        0x4 ./Core/Src/main.o
                0x08000810                Error_Handler
 .text.HAL_MspInit
                0x08000814       0x38 ./Core/Src/stm32f4xx_hal_msp.o
                0x08000814                HAL_MspInit
 .text.HAL_ETH_MspInit
                0x0800084c      0x120 ./Core/Src/stm32f4xx_hal_msp.o
                0x0800084c                HAL_ETH_MspInit
 .text.HAL_I2S_MspInit
                0x0800096c      0x118 ./Core/Src/stm32f4xx_hal_msp.o
                0x0800096c                HAL_I2S_MspInit
 *fill*         0x08000a84        0x4 
 .text.HAL_UART_MspInit
                0x08000a88       0x78 ./Core/Src/stm32f4xx_hal_msp.o
                0x08000a88                HAL_UART_MspInit
 .text.NMI_Handler
                0x08000b00        0x4 ./Core/Src/stm32f4xx_it.o
                0x08000b00                NMI_Handler
 .text.HardFault_Handler
                0x08000b04        0x4 ./Core/Src/stm32f4xx_it.o
                0x08000b04                HardFault_Handler
 .text.MemManage_Handler
                0x08000b08        0x4 ./Core/Src/stm32f4xx_it.o
                0x08000b08                MemManage_Handler
 .text.BusFault_Handler
                0x08000b0c        0x4 ./Core/Src/stm32f4xx_it.o
                0x08000b0c                BusFault_Handler
 .text.UsageFault_Handler
                0x08000b10        0x4 ./Core/Src/stm32f4xx_it.o
                0x08000b10                UsageFault_Handler
 .text.SVC_Handler
                0x08000b14        0x4 ./Core/Src/stm32f4xx_it.o
                0x08000b14                SVC_Handler
 .text.DebugMon_Handler
                0x08000b18        0x4 ./Core/Src/stm32f4xx_it.o
                0x08000b18                DebugMon_Handler
 .text.PendSV_Handler
                0x08000b1c        0x4 ./Core/Src/stm32f4xx_it.o
                0x08000b1c                PendSV_Handler
 .text.SysTick_Handler
                0x08000b20        0x4 ./Core/Src/stm32f4xx_it.o
                0x08000b20                SysTick_Handler
 .text.DMA1_Stream5_IRQHandler
                0x08000b24        0xc ./Core/Src/stm32f4xx_it.o
                0x08000b24                DMA1_Stream5_IRQHandler
 .text.OTG_FS_IRQHandler
                0x08000b30        0xc ./Core/Src/stm32f4xx_it.o
                0x08000b30                OTG_FS_IRQHandler
 .text._read    0x08000b3c       0x1c ./Core/Src/syscalls.o
                0x08000b3c                _read
 .text._close   0x08000b58        0x8 ./Core/Src/syscalls.o
                0x08000b58                _close
 .text._fstat   0x08000b60        0xc ./Core/Src/syscalls.o
                0x08000b60                _fstat
 .text._lseek   0x08000b6c        0x4 ./Core/Src/syscalls.o
                0x08000b6c                _lseek
 .text._sbrk    0x08000b70       0x44 ./Core/Src/sysmem.o
                0x08000b70                _sbrk
 .text.SystemInit
                0x08000bb4       0x14 ./Core/Src/system_stm32f4xx.o
                0x08000bb4                SystemInit
 .text.Reset_Handler
                0x08000bc8       0x50 ./Core/Startup/startup_stm32f429zitx.o
                0x08000bc8                Reset_Handler
 .text.Default_Handler
                0x08000c18        0x2 ./Core/Startup/startup_stm32f429zitx.o
                0x08000c18                RTC_Alarm_IRQHandler
                0x08000c18                HASH_RNG_IRQHandler
                0x08000c18                EXTI2_IRQHandler
                0x08000c18                TIM8_CC_IRQHandler
                0x08000c18                UART8_IRQHandler
                0x08000c18                SPI4_IRQHandler
                0x08000c18                TIM1_CC_IRQHandler
                0x08000c18                DMA2_Stream5_IRQHandler
                0x08000c18                PVD_IRQHandler
                0x08000c18                SDIO_IRQHandler
                0x08000c18                TAMP_STAMP_IRQHandler
                0x08000c18                CAN2_RX1_IRQHandler
                0x08000c18                EXTI3_IRQHandler
                0x08000c18                TIM8_TRG_COM_TIM14_IRQHandler
                0x08000c18                TIM1_UP_TIM10_IRQHandler
                0x08000c18                TIM8_UP_TIM13_IRQHandler
                0x08000c18                I2C3_ER_IRQHandler
                0x08000c18                EXTI0_IRQHandler
                0x08000c18                I2C2_EV_IRQHandler
                0x08000c18                DMA1_Stream2_IRQHandler
                0x08000c18                CAN1_RX0_IRQHandler
                0x08000c18                FPU_IRQHandler
                0x08000c18                OTG_HS_WKUP_IRQHandler
                0x08000c18                LTDC_ER_IRQHandler
                0x08000c18                CAN2_SCE_IRQHandler
                0x08000c18                DMA2_Stream2_IRQHandler
                0x08000c18                SPI1_IRQHandler
                0x08000c18                TIM6_DAC_IRQHandler
                0x08000c18                TIM1_BRK_TIM9_IRQHandler
                0x08000c18                DCMI_IRQHandler
                0x08000c18                CAN2_RX0_IRQHandler
                0x08000c18                DMA2_Stream3_IRQHandler
                0x08000c18                USART6_IRQHandler
                0x08000c18                USART3_IRQHandler
                0x08000c18                CAN1_RX1_IRQHandler
                0x08000c18                UART5_IRQHandler
                0x08000c18                DMA2_Stream0_IRQHandler
                0x08000c18                TIM4_IRQHandler
                0x08000c18                I2C1_EV_IRQHandler
                0x08000c18                DMA1_Stream6_IRQHandler
                0x08000c18                DMA1_Stream1_IRQHandler
                0x08000c18                UART4_IRQHandler
                0x08000c18                TIM3_IRQHandler
                0x08000c18                RCC_IRQHandler
                0x08000c18                TIM8_BRK_TIM12_IRQHandler
                0x08000c18                Default_Handler
                0x08000c18                EXTI15_10_IRQHandler
                0x08000c18                ADC_IRQHandler
                0x08000c18                DMA1_Stream7_IRQHandler
                0x08000c18                SPI5_IRQHandler
                0x08000c18                TIM7_IRQHandler
                0x08000c18                CAN2_TX_IRQHandler
                0x08000c18                TIM5_IRQHandler
                0x08000c18                DMA2_Stream7_IRQHandler
                0x08000c18                I2C3_EV_IRQHandler
                0x08000c18                EXTI9_5_IRQHandler
                0x08000c18                RTC_WKUP_IRQHandler
                0x08000c18                LTDC_IRQHandler
                0x08000c18                ETH_WKUP_IRQHandler
                0x08000c18                SPI2_IRQHandler
                0x08000c18                OTG_HS_EP1_IN_IRQHandler
                0x08000c18                DMA1_Stream0_IRQHandler
                0x08000c18                CAN1_TX_IRQHandler
                0x08000c18                EXTI4_IRQHandler
                0x08000c18                ETH_IRQHandler
                0x08000c18                OTG_HS_EP1_OUT_IRQHandler
                0x08000c18                WWDG_IRQHandler
                0x08000c18                SPI6_IRQHandler
                0x08000c18                TIM2_IRQHandler
                0x08000c18                OTG_FS_WKUP_IRQHandler
                0x08000c18                TIM1_TRG_COM_TIM11_IRQHandler
                0x08000c18                OTG_HS_IRQHandler
                0x08000c18                DMA2D_IRQHandler
                0x08000c18                EXTI1_IRQHandler
                0x08000c18                UART7_IRQHandler
                0x08000c18                USART2_IRQHandler
                0x08000c18                I2C2_ER_IRQHandler
                0x08000c18                DMA2_Stream1_IRQHandler
                0x08000c18                CAN1_SCE_IRQHandler
                0x08000c18                FLASH_IRQHandler
                0x08000c18                DMA2_Stream4_IRQHandler
                0x08000c18                USART1_IRQHandler
                0x08000c18                SPI3_IRQHandler
                0x08000c18                DMA1_Stream4_IRQHandler
                0x08000c18                I2C1_ER_IRQHandler
                0x08000c18                FMC_IRQHandler
                0x08000c18                DMA2_Stream6_IRQHandler
                0x08000c18                SAI1_IRQHandler
                0x08000c18                DMA1_Stream3_IRQHandler
 *fill*         0x08000c1a        0x2 
 .text.HAL_InitTick
                0x08000c1c       0x48 ./Drivers/STM32F4xx_HAL_Driver/Src/stm32f4xx_hal.o
                0x08000c1c                HAL_InitTick
 .text.HAL_Init
                0x08000c64       0x34 ./Drivers/STM32F4xx_HAL_Driver/Src/stm32f4xx_hal.o
                0x08000c64                HAL_Init
 .text.HAL_IncTick
                0x08000c98       0x18 ./Drivers/STM32F4xx_HAL_Driver/Src/stm32f4xx_hal.o
                0x08000c98                HAL_IncTick
 .text.HAL_GetTick
                0x08000cb0        0xc ./Drivers/STM32F4xx_HAL_Driver/Src/stm32f4xx_hal.o
                0x08000cb0                HAL_GetTick
 .text.HAL_Delay
                0x08000cbc       0x24 ./Drivers/STM32F4xx_HAL_Driver/Src/stm32f4xx_hal.o
                0x08000cbc                HAL_Delay
 .text.HAL_NVIC_SetPriorityGrouping
                0x08000ce0       0x24 ./Drivers/STM32F4xx_HAL_Driver/Src/stm32f4xx_hal_cortex.o
                0x08000ce0                HAL_NVIC_SetPriorityGrouping
 .text.HAL_NVIC_SetPriority
                0x08000d04       0x78 ./Drivers/STM32F4xx_HAL_Driver/Src/stm32f4xx_hal_cortex.o
                0x08000d04                HAL_NVIC_SetPriority
 .text.HAL_NVIC_EnableIRQ
                0x08000d7c       0x1c ./Drivers/STM32F4xx_HAL_Driver/Src/stm32f4xx_hal_cortex.o
                0x08000d7c                HAL_NVIC_EnableIRQ
 .text.HAL_SYSTICK_Config
                0x08000d98       0x34 ./Drivers/STM32F4xx_HAL_Driver/Src/stm32f4xx_hal_cortex.o
                0x08000d98                HAL_SYSTICK_Config
 .text.HAL_DMA_Init
                0x08000dcc      0x128 ./Drivers/STM32F4xx_HAL_Driver/Src/stm32f4xx_hal_dma.o
                0x08000dcc                HAL_DMA_Init
 .text.HAL_DMA_Start_IT
                0x08000ef4       0x78 ./Drivers/STM32F4xx_HAL_Driver/Src/stm32f4xx_hal_dma.o
                0x08000ef4                HAL_DMA_Start_IT
 .text.HAL_DMA_Abort
                0x08000f6c       0x94 ./Drivers/STM32F4xx_HAL_Driver/Src/stm32f4xx_hal_dma.o
                0x08000f6c                HAL_DMA_Abort
 .text.HAL_DMA_IRQHandler
                0x08001000      0x1ac ./Drivers/STM32F4xx_HAL_Driver/Src/stm32f4xx_hal_dma.o
                0x08001000                HAL_DMA_IRQHandler
 .text.ETH_SetMACConfig
                0x080011ac       0xf0 ./Drivers/STM32F4xx_HAL_Driver/Src/stm32f4xx_hal_eth.o
 .text.ETH_SetDMAConfig
                0x0800129c       0xa4 ./Drivers/STM32F4xx_HAL_Driver/Src/stm32f4xx_hal_eth.o
 .text.HAL_ETH_Init
                0x08001340      0x248 ./Drivers/STM32F4xx_HAL_Driver/Src/stm32f4xx_hal_eth.o
                0x08001340                HAL_ETH_Init
 .text.HAL_GPIO_Init
                0x08001588      0x26c ./Drivers/STM32F4xx_HAL_Driver/Src/stm32f4xx_hal_gpio.o
                0x08001588                HAL_GPIO_Init
 .text.HAL_GPIO_WritePin
                0x080017f4        0x8 ./Drivers/STM32F4xx_HAL_Driver/Src/stm32f4xx_hal_gpio.o
                0x080017f4                HAL_GPIO_WritePin
 .text.HAL_I2S_Init
                0x080017fc      0x160 ./Drivers/STM32F4xx_HAL_Driver/Src/stm32f4xx_hal_i2s.o
                0x080017fc                HAL_I2S_Init
 .text.HAL_I2S_Transmit_DMA
                0x0800195c       0xb8 ./Drivers/STM32F4xx_HAL_Driver/Src/stm32f4xx_hal_i2s.o
                0x0800195c                HAL_I2S_Transmit_DMA
 .text.HAL_I2S_DMAStop
                0x08001a14      0x228 ./Drivers/STM32F4xx_HAL_Driver/Src/stm32f4xx_hal_i2s.o
                0x08001a14                HAL_I2S_DMAStop
 .text.I2S_DMATxHalfCplt
                0x08001c3c        0xc ./Drivers/STM32F4xx_HAL_Driver/Src/stm32f4xx_hal_i2s.o
 .text.I2S_DMATxCplt
                0x08001c48       0x24 ./Drivers/STM32F4xx_HAL_Driver/Src/stm32f4xx_hal_i2s.o
 .text.HAL_I2S_RxCpltCallback
                0x08001c6c        0x4 ./Drivers/STM32F4xx_HAL_Driver/Src/stm32f4xx_hal_i2s.o
                0x08001c6c                HAL_I2S_RxCpltCallback
 .text.HAL_I2S_ErrorCallback
                0x08001c70        0x4 ./Drivers/STM32F4xx_HAL_Driver/Src/stm32f4xx_hal_i2s.o
                0x08001c70                HAL_I2S_ErrorCallback
 .text.I2S_IRQHandler
                0x08001c74      0x108 ./Drivers/STM32F4xx_HAL_Driver/Src/stm32f4xx_hal_i2s.o
 .text.I2S_DMAError
                0x08001d7c       0x2c ./Drivers/STM32F4xx_HAL_Driver/Src/stm32f4xx_hal_i2s.o
 .text.HAL_I2SEx_TxRxCpltCallback
                0x08001da8        0x4 ./Drivers/STM32F4xx_HAL_Driver/Src/stm32f4xx_hal_i2s_ex.o
                0x08001da8                HAL_I2SEx_TxRxCpltCallback
 .text.HAL_I2SEx_FullDuplex_IRQHandler
                0x08001dac      0x25c ./Drivers/STM32F4xx_HAL_Driver/Src/stm32f4xx_hal_i2s_ex.o
                0x08001dac                HAL_I2SEx_FullDuplex_IRQHandler
 .text.HAL_PCD_Init
                0x08002008       0xd8 ./Drivers/STM32F4xx_HAL_Driver/Src/stm32f4xx_hal_pcd.o
                0x08002008                HAL_PCD_Init
 .text.HAL_PCD_Start
                0x080020e0       0x44 ./Drivers/STM32F4xx_HAL_Driver/Src/stm32f4xx_hal_pcd.o
                0x080020e0                HAL_PCD_Start
 .text.HAL_PCD_IRQHandler
                0x08002124      0x738 ./Drivers/STM32F4xx_HAL_Driver/Src/stm32f4xx_hal_pcd.o
                0x08002124                HAL_PCD_IRQHandler
 .text.HAL_PCD_SetAddress
                0x0800285c       0x28 ./Drivers/STM32F4xx_HAL_Driver/Src/stm32f4xx_hal_pcd.o
                0x0800285c                HAL_PCD_SetAddress
 .text.HAL_PCD_EP_Open
                0x08002884       0x80 ./Drivers/STM32F4xx_HAL_Driver/Src/stm32f4xx_hal_pcd.o
                0x08002884                HAL_PCD_EP_Open
 .text.HAL_PCD_EP_Close
                0x08002904       0x68 ./Drivers/STM32F4xx_HAL_Driver/Src/stm32f4xx_hal_pcd.o
                0x08002904                HAL_PCD_EP_Close
 .text.HAL_PCD_EP_Receive
                0x0800296c       0x44 ./Drivers/STM32F4xx_HAL_Driver/Src/stm32f4xx_hal_pcd.o
                0x0800296c                HAL_PCD_EP_Receive
 .text.HAL_PCD_EP_GetRxCount
                0x080029b0       0x14 ./Drivers/STM32F4xx_HAL_Driver/Src/stm32f4xx_hal_pcd.o
                0x080029b0                HAL_PCD_EP_GetRxCount
 .text.HAL_PCD_EP_Transmit
                0x080029c4       0x48 ./Drivers/STM32F4xx_HAL_Driver/Src/stm32f4xx_hal_pcd.o
                0x080029c4                HAL_PCD_EP_Transmit
 .text.HAL_PCD_EP_SetStall
                0x08002a0c       0x84 ./Drivers/STM32F4xx_HAL_Driver/Src/stm32f4xx_hal_pcd.o
                0x08002a0c                HAL_PCD_EP_SetStall
 .text.HAL_PCD_EP_ClrStall
                0x08002a90       0x70 ./Drivers/STM32F4xx_HAL_Driver/Src/stm32f4xx_hal_pcd.o
                0x08002a90                HAL_PCD_EP_ClrStall
 .text.HAL_PCDEx_SetTxFiFo
                0x08002b00       0x4c ./Drivers/STM32F4xx_HAL_Driver/Src/stm32f4xx_hal_pcd_ex.o
                0x08002b00                HAL_PCDEx_SetTxFiFo
 .text.HAL_PCDEx_SetRxFiFo
                0x08002b4c        0x8 ./Drivers/STM32F4xx_HAL_Driver/Src/stm32f4xx_hal_pcd_ex.o
                0x08002b4c                HAL_PCDEx_SetRxFiFo
 .text.HAL_PCDEx_LPM_Callback
                0x08002b54        0x4 ./Drivers/STM32F4xx_HAL_Driver/Src/stm32f4xx_hal_pcd_ex.o
                0x08002b54                HAL_PCDEx_LPM_Callback
 .text.HAL_RCC_OscConfig
                0x08002b58      0x3c4 ./Drivers/STM32F4xx_HAL_Driver/Src/stm32f4xx_hal_rcc.o
                0x08002b58                HAL_RCC_OscConfig
 .text.HAL_RCC_GetSysClockFreq
                0x08002f1c       0x68 ./Drivers/STM32F4xx_HAL_Driver/Src/stm32f4xx_hal_rcc.o
                0x08002f1c                HAL_RCC_GetSysClockFreq
 .text.HAL_RCC_ClockConfig
                0x08002f84      0x13c ./Drivers/STM32F4xx_HAL_Driver/Src/stm32f4xx_hal_rcc.o
                0x08002f84                HAL_RCC_ClockConfig
 .text.HAL_RCC_GetHCLKFreq
                0x080030c0        0xc ./Drivers/STM32F4xx_HAL_Driver/Src/stm32f4xx_hal_rcc.o
                0x080030c0                HAL_RCC_GetHCLKFreq
 .text.HAL_RCC_GetPCLK1Freq
                0x080030cc       0x20 ./Drivers/STM32F4xx_HAL_Driver/Src/stm32f4xx_hal_rcc.o
                0x080030cc                HAL_RCC_GetPCLK1Freq
 .text.HAL_RCC_GetPCLK2Freq
                0x080030ec       0x20 ./Drivers/STM32F4xx_HAL_Driver/Src/stm32f4xx_hal_rcc.o
                0x080030ec                HAL_RCC_GetPCLK2Freq
 .text.HAL_RCCEx_PeriphCLKConfig
                0x0800310c      0x24c ./Drivers/STM32F4xx_HAL_Driver/Src/stm32f4xx_hal_rcc_ex.o
                0x0800310c                HAL_RCCEx_PeriphCLKConfig
 .text.HAL_RCCEx_GetPeriphCLKFreq
                0x08003358       0x54 ./Drivers/STM32F4xx_HAL_Driver/Src/stm32f4xx_hal_rcc_ex.o
                0x08003358                HAL_RCCEx_GetPeriphCLKFreq
 .text.UART_SetConfig
                0x080033ac       0xcc ./Drivers/STM32F4xx_HAL_Driver/Src/stm32f4xx_hal_uart.o
 .text.HAL_UART_Init
                0x08003478       0x64 ./Drivers/STM32F4xx_HAL_Driver/Src/stm32f4xx_hal_uart.o
                0x08003478                HAL_UART_Init
 .text.HAL_UART_Transmit
                0x080034dc       0xdc ./Drivers/STM32F4xx_HAL_Driver/Src/stm32f4xx_hal_uart.o
                0x080034dc                HAL_UART_Transmit
 .text.USB_CoreReset
                0x080035b8       0x60 ./Drivers/STM32F4xx_HAL_Driver/Src/stm32f4xx_ll_usb.o
 .text.USB_CoreInit
                0x08003618       0x90 ./Drivers/STM32F4xx_HAL_Driver/Src/stm32f4xx_ll_usb.o
                0x08003618                USB_CoreInit
 .text.USB_SetTurnaroundTime
                0x080036a8       0xf4 ./Drivers/STM32F4xx_HAL_Driver/Src/stm32f4xx_ll_usb.o
                0x080036a8                USB_SetTurnaroundTime
 .text.USB_EnableGlobalInt
                0x0800379c       0x10 ./Drivers/STM32F4xx_HAL_Driver/Src/stm32f4xx_ll_usb.o
                0x0800379c                USB_EnableGlobalInt
 .text.USB_DisableGlobalInt
                0x080037ac       0x10 ./Drivers/STM32F4xx_HAL_Driver/Src/stm32f4xx_ll_usb.o
                0x080037ac                USB_DisableGlobalInt
 .text.USB_SetCurrentMode
                0x080037bc       0x70 ./Drivers/STM32F4xx_HAL_Driver/Src/stm32f4xx_ll_usb.o
                0x080037bc                USB_SetCurrentMode
 .text.USB_FlushTxFifo
                0x0800382c       0x50 ./Drivers/STM32F4xx_HAL_Driver/Src/stm32f4xx_ll_usb.o
                0x0800382c                USB_FlushTxFifo
 .text.USB_FlushRxFifo
                0x0800387c       0x4c ./Drivers/STM32F4xx_HAL_Driver/Src/stm32f4xx_ll_usb.o
                0x0800387c                USB_FlushRxFifo
 .text.USB_DevInit
                0x080038c8      0x1b4 ./Drivers/STM32F4xx_HAL_Driver/Src/stm32f4xx_ll_usb.o
                0x080038c8                USB_DevInit
 .text.USB_GetDevSpeed
                0x08003a7c       0x18 ./Drivers/STM32F4xx_HAL_Driver/Src/stm32f4xx_ll_usb.o
                0x08003a7c                USB_GetDevSpeed
 .text.USB_ActivateEndpoint
                0x08003a94       0x90 ./Drivers/STM32F4xx_HAL_Driver/Src/stm32f4xx_ll_usb.o
                0x08003a94                USB_ActivateEndpoint
 .text.USB_DeactivateEndpoint
                0x08003b24       0xc4 ./Drivers/STM32F4xx_HAL_Driver/Src/stm32f4xx_ll_usb.o
                0x08003b24                USB_DeactivateEndpoint
 .text.USB_EPStartXfer
                0x08003be8      0x21c ./Drivers/STM32F4xx_HAL_Driver/Src/stm32f4xx_ll_usb.o
                0x08003be8                USB_EPStartXfer
 .text.USB_EPStopXfer
                0x08003e04       0x94 ./Drivers/STM32F4xx_HAL_Driver/Src/stm32f4xx_ll_usb.o
                0x08003e04                USB_EPStopXfer
 .text.USB_WritePacket
                0x08003e98       0x2c ./Drivers/STM32F4xx_HAL_Driver/Src/stm32f4xx_ll_usb.o
                0x08003e98                USB_WritePacket
 .text.USB_ReadPacket
                0x08003ec4       0x48 ./Drivers/STM32F4xx_HAL_Driver/Src/stm32f4xx_ll_usb.o
                0x08003ec4                USB_ReadPacket
 .text.USB_EPSetStall
                0x08003f0c       0x5c ./Drivers/STM32F4xx_HAL_Driver/Src/stm32f4xx_ll_usb.o
                0x08003f0c                USB_EPSetStall
 .text.USB_EPClearStall
                0x08003f68       0x58 ./Drivers/STM32F4xx_HAL_Driver/Src/stm32f4xx_ll_usb.o
                0x08003f68                USB_EPClearStall
 .text.USB_SetDevAddress
                0x08003fc0       0x20 ./Drivers/STM32F4xx_HAL_Driver/Src/stm32f4xx_ll_usb.o
                0x08003fc0                USB_SetDevAddress
 .text.USB_DevConnect
                0x08003fe0       0x20 ./Drivers/STM32F4xx_HAL_Driver/Src/stm32f4xx_ll_usb.o
                0x08003fe0                USB_DevConnect
 .text.USB_DevDisconnect
                0x08004000       0x20 ./Drivers/STM32F4xx_HAL_Driver/Src/stm32f4xx_ll_usb.o
                0x08004000                USB_DevDisconnect
 .text.USB_ReadInterrupts
                0x08004020        0x8 ./Drivers/STM32F4xx_HAL_Driver/Src/stm32f4xx_ll_usb.o
                0x08004020                USB_ReadInterrupts
 .text.USB_ReadDevAllOutEpInterrupt
                0x08004028       0x10 ./Drivers/STM32F4xx_HAL_Driver/Src/stm32f4xx_ll_usb.o
                0x08004028                USB_ReadDevAllOutEpInterrupt
 .text.USB_ReadDevAllInEpInterrupt
                0x08004038       0x10 ./Drivers/STM32F4xx_HAL_Driver/Src/stm32f4xx_ll_usb.o
                0x08004038                USB_ReadDevAllInEpInterrupt
 .text.USB_ReadDevOutEPInterrupt
                0x08004048       0x14 ./Drivers/STM32F4xx_HAL_Driver/Src/stm32f4xx_ll_usb.o
                0x08004048                USB_ReadDevOutEPInterrupt
 .text.USB_ReadDevInEPInterrupt
                0x0800405c       0x20 ./Drivers/STM32F4xx_HAL_Driver/Src/stm32f4xx_ll_usb.o
                0x0800405c                USB_ReadDevInEPInterrupt
 .text.USB_GetMode
                0x0800407c        0x8 ./Drivers/STM32F4xx_HAL_Driver/Src/stm32f4xx_ll_usb.o
                0x0800407c                USB_GetMode
 .text.USB_ActivateSetup
                0x08004084       0x20 ./Drivers/STM32F4xx_HAL_Driver/Src/stm32f4xx_ll_usb.o
                0x08004084                USB_ActivateSetup
 .text.USB_EP0_OutStart
                0x080040a4       0x50 ./Drivers/STM32F4xx_HAL_Driver/Src/stm32f4xx_ll_usb.o
                0x080040a4                USB_EP0_OutStart
 .text.USBD_AUDIO_GetCfgDesc
                0x080040f4        0xc ./Middlewares/ST/STM32_USB_Device_Library/Class/AUDIO/Src/usbd_audio.o
 .text.USBD_AUDIO_DataIn
                0x08004100        0x4 ./Middlewares/ST/STM32_USB_Device_Library/Class/AUDIO/Src/usbd_audio.o
 .text.USBD_AUDIO_EP0_RxReady
                0x08004104       0x44 ./Middlewares/ST/STM32_USB_Device_Library/Class/AUDIO/Src/usbd_audio.o
 .text.USBD_AUDIO_EP0_TxReady
                0x08004148        0x4 ./Middlewares/ST/STM32_USB_Device_Library/Class/AUDIO/Src/usbd_audio.o
 .text.USBD_AUDIO_GetDeviceQualifierDesc
                0x0800414c        0xc ./Middlewares/ST/STM32_USB_Device_Library/Class/AUDIO/Src/usbd_audio.o
 .text.USBD_AUDIO_IsoOutIncomplete
                0x08004158       0x28 ./Middlewares/ST/STM32_USB_Device_Library/Class/AUDIO/Src/usbd_audio.o
 .text.USBD_AUDIO_DataOut
                0x08004180       0xb8 ./Middlewares/ST/STM32_USB_Device_Library/Class/AUDIO/Src/usbd_audio.o
 .text.USBD_AUDIO_Setup
                0x08004238      0x154 ./Middlewares/ST/STM32_USB_Device_Library/Class/AUDIO/Src/usbd_audio.o
 .text.USBD_AUDIO_DeInit
                0x0800438c       0x4c ./Middlewares/ST/STM32_USB_Device_Library/Class/AUDIO/Src/usbd_audio.o
 .text.USBD_AUDIO_Init
                0x080043d8       0x8c ./Middlewares/ST/STM32_USB_Device_Library/Class/AUDIO/Src/usbd_audio.o
 .text.USBD_AUDIO_IsoINIncomplete
                0x08004464        0x4 ./Middlewares/ST/STM32_USB_Device_Library/Class/AUDIO/Src/usbd_audio.o
 .text.USBD_AUDIO_SOF
                0x08004468        0x4 ./Middlewares/ST/STM32_USB_Device_Library/Class/AUDIO/Src/usbd_audio.o
 .text.USBD_AUDIO_Sync
                0x0800446c       0x90 ./Middlewares/ST/STM32_USB_Device_Library/Class/AUDIO/Src/usbd_audio.o
                0x0800446c                USBD_AUDIO_Sync
 .text.USBD_AUDIO_RegisterInterface
                0x080044fc       0x18 ./Middlewares/ST/STM32_USB_Device_Library/Class/AUDIO/Src/usbd_audio.o
                0x080044fc                USBD_AUDIO_RegisterInterface
 .text.USBD_Init
                0x08004514       0x28 ./Middlewares/ST/STM32_USB_Device_Library/Core/Src/usbd_core.o
                0x08004514                USBD_Init
 .text.USBD_RegisterClass
                0x0800453c       0x38 ./Middlewares/ST/STM32_USB_Device_Library/Core/Src/usbd_core.o
                0x0800453c                USBD_RegisterClass
 .text.USBD_Start
                0x08004574        0x4 ./Middlewares/ST/STM32_USB_Device_Library/Core/Src/usbd_core.o
                0x08004574                USBD_Start
 .text.USBD_SetClassConfig
                0x08004578       0x10 ./Middlewares/ST/STM32_USB_Device_Library/Core/Src/usbd_core.o
                0x08004578                USBD_SetClassConfig
 .text.USBD_ClrClassConfig
                0x08004588       0x14 ./Middlewares/ST/STM32_USB_Device_Library/Core/Src/usbd_core.o
                0x08004588                USBD_ClrClassConfig
 .text.USBD_LL_SetupStage
                0x0800459c       0x60 ./Middlewares/ST/STM32_USB_Device_Library/Core/Src/usbd_core.o
                0x0800459c                USBD_LL_SetupStage
 .text.USBD_LL_DataOutStage
                0x080045fc       0x80 ./Middlewares/ST/STM32_USB_Device_Library/Core/Src/usbd_core.o
                0x080045fc                USBD_LL_DataOutStage
 .text.USBD_LL_DataInStage
                0x0800467c       0xb4 ./Middlewares/ST/STM32_USB_Device_Library/Core/Src/usbd_core.o
                0x0800467c                USBD_LL_DataInStage
 .text.USBD_LL_Reset
                0x08004730       0x5c ./Middlewares/ST/STM32_USB_Device_Library/Core/Src/usbd_core.o
                0x08004730                USBD_LL_Reset
 .text.USBD_LL_SetSpeed
                0x0800478c        0x8 ./Middlewares/ST/STM32_USB_Device_Library/Core/Src/usbd_core.o
                0x0800478c                USBD_LL_SetSpeed
 .text.USBD_LL_Suspend
                0x08004794       0x1c ./Middlewares/ST/STM32_USB_Device_Library/Core/Src/usbd_core.o
                0x08004794                USBD_LL_Suspend
 .text.USBD_LL_Resume
                0x080047b0       0x18 ./Middlewares/ST/STM32_USB_Device_Library/Core/Src/usbd_core.o
                0x080047b0                USBD_LL_Resume
 .text.USBD_LL_SOF
                0x080047c8       0x20 ./Middlewares/ST/STM32_USB_Device_Library/Core/Src/usbd_core.o
                0x080047c8                USBD_LL_SOF
 .text.USBD_LL_IsoINIncomplete
                0x080047e8       0x2c ./Middlewares/ST/STM32_USB_Device_Library/Core/Src/usbd_core.o
                0x080047e8                USBD_LL_IsoINIncomplete
 .text.USBD_LL_IsoOUTIncomplete
                0x08004814       0x2c ./Middlewares/ST/STM32_USB_Device_Library/Core/Src/usbd_core.o
                0x08004814                USBD_LL_IsoOUTIncomplete
 .text.USBD_LL_DevConnected
                0x08004840        0x4 ./Middlewares/ST/STM32_USB_Device_Library/Core/Src/usbd_core.o
                0x08004840                USBD_LL_DevConnected
 .text.USBD_LL_DevDisconnected
                0x08004844       0x24 ./Middlewares/ST/STM32_USB_Device_Library/Core/Src/usbd_core.o
                0x08004844                USBD_LL_DevDisconnected
 .text.USBD_CoreFindIF
                0x08004868        0x4 ./Middlewares/ST/STM32_USB_Device_Library/Core/Src/usbd_core.o
                0x08004868                USBD_CoreFindIF
 .text.USBD_CoreFindEP
                0x0800486c        0x4 ./Middlewares/ST/STM32_USB_Device_Library/Core/Src/usbd_core.o
                0x0800486c                USBD_CoreFindEP
 .text.USBD_GetNextDesc
                0x08004870        0xc ./Middlewares/ST/STM32_USB_Device_Library/Core/Src/usbd_core.o
                0x08004870                USBD_GetNextDesc
 .text.USBD_StdDevReq
                0x0800487c      0x358 ./Middlewares/ST/STM32_USB_Device_Library/Core/Src/usbd_ctlreq.o
                0x0800487c                USBD_StdDevReq
 .text.USBD_StdItfReq
                0x08004bd4       0x80 ./Middlewares/ST/STM32_USB_Device_Library/Core/Src/usbd_ctlreq.o
                0x08004bd4                USBD_StdItfReq
 .text.USBD_StdEPReq
                0x08004c54      0x164 ./Middlewares/ST/STM32_USB_Device_Library/Core/Src/usbd_ctlreq.o
                0x08004c54                USBD_StdEPReq
 .text.USBD_ParseSetupRequest
                0x08004db8       0x18 ./Middlewares/ST/STM32_USB_Device_Library/Core/Src/usbd_ctlreq.o
                0x08004db8                USBD_ParseSetupRequest
 .text.USBD_CtlError
                0x08004dd0       0x18 ./Middlewares/ST/STM32_USB_Device_Library/Core/Src/usbd_ctlreq.o
                0x08004dd0                USBD_CtlError
 .text.USBD_GetString
                0x08004de8       0x58 ./Middlewares/ST/STM32_USB_Device_Library/Core/Src/usbd_ctlreq.o
                0x08004de8                USBD_GetString
 .text.USBD_CtlSendData
                0x08004e40       0x1c ./Middlewares/ST/STM32_USB_Device_Library/Core/Src/usbd_ioreq.o
                0x08004e40                USBD_CtlSendData
 .text.USBD_CtlContinueSendData
                0x08004e5c       0x10 ./Middlewares/ST/STM32_USB_Device_Library/Core/Src/usbd_ioreq.o
                0x08004e5c                USBD_CtlContinueSendData
 .text.USBD_CtlPrepareRx
                0x08004e6c       0x20 ./Middlewares/ST/STM32_USB_Device_Library/Core/Src/usbd_ioreq.o
                0x08004e6c                USBD_CtlPrepareRx
 .text.USBD_CtlContinueRx
                0x08004e8c       0x10 ./Middlewares/ST/STM32_USB_Device_Library/Core/Src/usbd_ioreq.o
                0x08004e8c                USBD_CtlContinueRx
 .text.USBD_CtlSendStatus
                0x08004e9c       0x18 ./Middlewares/ST/STM32_USB_Device_Library/Core/Src/usbd_ioreq.o
                0x08004e9c                USBD_CtlSendStatus
 .text.USBD_CtlReceiveStatus
                0x08004eb4       0x18 ./Middlewares/ST/STM32_USB_Device_Library/Core/Src/usbd_ioreq.o
                0x08004eb4                USBD_CtlReceiveStatus
 .text.MX_USB_DEVICE_Init
                0x08004ecc       0x74 ./USB_DEVICE/App/usb_device.o
                0x08004ecc                MX_USB_DEVICE_Init
 .text.AUDIO_Init_FS
                0x08004f40        0x4 ./USB_DEVICE/App/usbd_audio_if.o
 .text.AUDIO_DeInit_FS
                0x08004f44        0x4 ./USB_DEVICE/App/usbd_audio_if.o
 .text.AUDIO_VolumeCtl_FS
                0x08004f48        0x4 ./USB_DEVICE/App/usbd_audio_if.o
 .text.AUDIO_PeriodicTC_FS
                0x08004f4c        0x4 ./USB_DEVICE/App/usbd_audio_if.o
 .text.AUDIO_GetState_FS
                0x08004f50        0x4 ./USB_DEVICE/App/usbd_audio_if.o
 .text.AUDIO_AudioCmd_FS
                0x08004f54       0x30 ./USB_DEVICE/App/usbd_audio_if.o
 .text.AUDIO_MuteCtl_FS
                0x08004f84        0x4 ./USB_DEVICE/App/usbd_audio_if.o
 .text.HAL_I2S_TxHalfCpltCallback
                0x08004f88       0x1c ./USB_DEVICE/App/usbd_audio_if.o
                0x08004f88                HAL_I2S_TxHalfCpltCallback
 .text.HAL_I2S_TxCpltCallback
                0x08004fa4       0x1c ./USB_DEVICE/App/usbd_audio_if.o
                0x08004fa4                HAL_I2S_TxCpltCallback
 .text.USBD_FS_DeviceDescriptor
                0x08004fc0        0xc ./USB_DEVICE/App/usbd_desc.o
                0x08004fc0                USBD_FS_DeviceDescriptor
 .text.USBD_FS_LangIDStrDescriptor
                0x08004fcc        0xc ./USB_DEVICE/App/usbd_desc.o
                0x08004fcc                USBD_FS_LangIDStrDescriptor
 .text.USBD_FS_ManufacturerStrDescriptor
                0x08004fd8       0x1c ./USB_DEVICE/App/usbd_desc.o
                0x08004fd8                USBD_FS_ManufacturerStrDescriptor
 .text.USBD_FS_ProductStrDescriptor
                0x08004ff4       0x1c ./USB_DEVICE/App/usbd_desc.o
                0x08004ff4                USBD_FS_ProductStrDescriptor
 .text.USBD_FS_ConfigStrDescriptor
                0x08005010       0x1c ./USB_DEVICE/App/usbd_desc.o
                0x08005010                USBD_FS_ConfigStrDescriptor
 .text.USBD_FS_InterfaceStrDescriptor
                0x0800502c       0x1c ./USB_DEVICE/App/usbd_desc.o
                0x0800502c                USBD_FS_InterfaceStrDescriptor
 .text.USBD_FS_SerialStrDescriptor
                0x08005048       0x7c ./USB_DEVICE/App/usbd_desc.o
                0x08005048                USBD_FS_SerialStrDescriptor
 .text.HAL_PCD_MspInit
                0x080050c4       0x98 ./USB_DEVICE/Target/usbd_conf.o
                0x080050c4                HAL_PCD_MspInit
 .text.HAL_PCD_SetupStageCallback
                0x0800515c        0xc ./USB_DEVICE/Target/usbd_conf.o
                0x0800515c                HAL_PCD_SetupStageCallback
 .text.HAL_PCD_DataOutStageCallback
                0x08005168       0x14 ./USB_DEVICE/Target/usbd_conf.o
                0x08005168                HAL_PCD_DataOutStageCallback
 .text.HAL_PCD_DataInStageCallback
                0x0800517c       0x14 ./USB_DEVICE/Target/usbd_conf.o
                0x0800517c                HAL_PCD_DataInStageCallback
 .text.HAL_PCD_SOFCallback
                0x08005190        0x8 ./USB_DEVICE/Target/usbd_conf.o
                0x08005190                HAL_PCD_SOFCallback
 .text.HAL_PCD_ResetCallback
                0x08005198       0x2c ./USB_DEVICE/Target/usbd_conf.o
                0x08005198                HAL_PCD_ResetCallback
 .text.HAL_PCD_SuspendCallback
                0x080051c4       0x30 ./USB_DEVICE/Target/usbd_conf.o
                0x080051c4                HAL_PCD_SuspendCallback
 .text.HAL_PCD_ResumeCallback
                0x080051f4        0x8 ./USB_DEVICE/Target/usbd_conf.o
                0x080051f4                HAL_PCD_ResumeCallback
 .text.HAL_PCD_ISOOUTIncompleteCallback
                0x080051fc        0x8 ./USB_DEVICE/Target/usbd_conf.o
                0x080051fc                HAL_PCD_ISOOUTIncompleteCallback
 .text.HAL_PCD_ISOINIncompleteCallback
                0x08005204        0x8 ./USB_DEVICE/Target/usbd_conf.o
                0x08005204                HAL_PCD_ISOINIncompleteCallback
 .text.HAL_PCD_ConnectCallback
                0x0800520c        0x8 ./USB_DEVICE/Target/usbd_conf.o
                0x0800520c                HAL_PCD_ConnectCallback
 .text.HAL_PCD_DisconnectCallback
                0x08005214        0x8 ./USB_DEVICE/Target/usbd_conf.o
                0x08005214                HAL_PCD_DisconnectCallback
 .text.USBD_LL_Init
                0x0800521c       0x64 ./USB_DEVICE/Target/usbd_conf.o
                0x0800521c                USBD_LL_Init
 .text.USBD_LL_Start
                0x08005280       0x18 ./USB_DEVICE/Target/usbd_conf.o
                0x08005280                USBD_LL_Start
 .text.USBD_LL_OpenEP
                0x08005298       0x1c ./USB_DEVICE/Target/usbd_conf.o
                0x08005298                USBD_LL_OpenEP
 .text.USBD_LL_CloseEP
                0x080052b4       0x18 ./USB_DEVICE/Target/usbd_conf.o
                0x080052b4                USBD_LL_CloseEP
 .text.USBD_LL_StallEP
                0x080052cc       0x18 ./USB_DEVICE/Target/usbd_conf.o
                0x080052cc                USBD_LL_StallEP
 .text.USBD_LL_ClearStallEP
                0x080052e4       0x18 ./USB_DEVICE/Target/usbd_conf.o
                0x080052e4                USBD_LL_ClearStallEP
 .text.USBD_LL_IsStallEP
                0x080052fc       0x28 ./USB_DEVICE/Target/usbd_conf.o
                0x080052fc                USBD_LL_IsStallEP
 .text.USBD_LL_SetUSBAddress
                0x08005324       0x18 ./USB_DEVICE/Target/usbd_conf.o
                0x08005324                USBD_LL_SetUSBAddress
 .text.USBD_LL_Transmit
                0x0800533c       0x18 ./USB_DEVICE/Target/usbd_conf.o
                0x0800533c                USBD_LL_Transmit
 .text.USBD_LL_PrepareReceive
                0x08005354       0x18 ./USB_DEVICE/Target/usbd_conf.o
                0x08005354                USBD_LL_PrepareReceive
 .text.USBD_LL_GetRxDataSize
                0x0800536c        0x8 ./USB_DEVICE/Target/usbd_conf.o
                0x0800536c                USBD_LL_GetRxDataSize
 .text.USBD_static_malloc
                0x08005374        0x8 ./USB_DEVICE/Target/usbd_conf.o
                0x08005374                USBD_static_malloc
 .text.USBD_static_free
                0x0800537c        0x4 ./USB_DEVICE/Target/usbd_conf.o
                0x0800537c                USBD_static_free
 .text.std      0x08005380       0x6c C:/ST/STM32CubeIDE_1.19.0/STM32CubeIDE/plugins/com.st.stm32cube.ide.mcu.externaltools.gnu-tools-for-stm32.13.3.rel1.win32_1.0.0.202411081344/tools/bin/../lib/gcc/arm-none-eabi/13.3.1/../../../../arm-none-eabi/lib/thumb/v7e-m+fp/hard\libc_nano.a(libc_a-findfp.o)
 .text.stdio_exit_handler
                0x080053ec       0x18 C:/ST/STM32CubeIDE_1.19.0/STM32CubeIDE/plugins/com.st.stm32cube.ide.mcu.externaltools.gnu-tools-for-stm32.13.3.rel1.win32_1.0.0.202411081344/tools/bin/../lib/gcc/arm-none-eabi/13.3.1/../../../../arm-none-eabi/lib/thumb/v7e-m+fp/hard\libc_nano.a(libc_a-findfp.o)
 .text.cleanup_stdio
                0x08005404       0x40 C:/ST/STM32CubeIDE_1.19.0/STM32CubeIDE/plugins/com.st.stm32cube.ide.mcu.externaltools.gnu-tools-for-stm32.13.3.rel1.win32_1.0.0.202411081344/tools/bin/../lib/gcc/arm-none-eabi/13.3.1/../../../../arm-none-eabi/lib/thumb/v7e-m+fp/hard\libc_nano.a(libc_a-findfp.o)
 .text.global_stdio_init.part.0
                0x08005444       0x3c C:/ST/STM32CubeIDE_1.19.0/STM32CubeIDE/plugins/com.st.stm32cube.ide.mcu.externaltools.gnu-tools-for-stm32.13.3.rel1.win32_1.0.0.202411081344/tools/bin/../lib/gcc/arm-none-eabi/13.3.1/../../../../arm-none-eabi/lib/thumb/v7e-m+fp/hard\libc_nano.a(libc_a-findfp.o)
 .text.__sfp_lock_acquire
                0x08005480        0xc C:/ST/STM32CubeIDE_1.19.0/STM32CubeIDE/plugins/com.st.stm32cube.ide.mcu.externaltools.gnu-tools-for-stm32.13.3.rel1.win32_1.0.0.202411081344/tools/bin/../lib/gcc/arm-none-eabi/13.3.1/../../../../arm-none-eabi/lib/thumb/v7e-m+fp/hard\libc_nano.a(libc_a-findfp.o)
                0x08005480                __sfp_lock_acquire
 .text.__sfp_lock_release
                0x0800548c        0xc C:/ST/STM32CubeIDE_1.19.0/STM32CubeIDE/plugins/com.st.stm32cube.ide.mcu.externaltools.gnu-tools-for-stm32.13.3.rel1.win32_1.0.0.202411081344/tools/bin/../lib/gcc/arm-none-eabi/13.3.1/../../../../arm-none-eabi/lib/thumb/v7e-m+fp/hard\libc_nano.a(libc_a-findfp.o)
                0x0800548c                __sfp_lock_release
 .text.__sinit  0x08005498       0x30 C:/ST/STM32CubeIDE_1.19.0/STM32CubeIDE/plugins/com.st.stm32cube.ide.mcu.externaltools.gnu-tools-for-stm32.13.3.rel1.win32_1.0.0.202411081344/tools/bin/../lib/gcc/arm-none-eabi/13.3.1/../../../../arm-none-eabi/lib/thumb/v7e-m+fp/hard\libc_nano.a(libc_a-findfp.o)
                0x08005498                __sinit
 .text._fwalk_sglue
                0x080054c8       0x3c C:/ST/STM32CubeIDE_1.19.0/STM32CubeIDE/plugins/com.st.stm32cube.ide.mcu.externaltools.gnu-tools-for-stm32.13.3.rel1.win32_1.0.0.202411081344/tools/bin/../lib/gcc/arm-none-eabi/13.3.1/../../../../arm-none-eabi/lib/thumb/v7e-m+fp/hard\libc_nano.a(libc_a-fwalk.o)
                0x080054c8                _fwalk_sglue
 .text.setbuf   0x08005504       0x10 C:/ST/STM32CubeIDE_1.19.0/STM32CubeIDE/plugins/com.st.stm32cube.ide.mcu.externaltools.gnu-tools-for-stm32.13.3.rel1.win32_1.0.0.202411081344/tools/bin/../lib/gcc/arm-none-eabi/13.3.1/../../../../arm-none-eabi/lib/thumb/v7e-m+fp/hard\libc_nano.a(libc_a-setbuf.o)
                0x08005504                setbuf
 .text.setvbuf  0x08005514      0x168 C:/ST/STM32CubeIDE_1.19.0/STM32CubeIDE/plugins/com.st.stm32cube.ide.mcu.externaltools.gnu-tools-for-stm32.13.3.rel1.win32_1.0.0.202411081344/tools/bin/../lib/gcc/arm-none-eabi/13.3.1/../../../../arm-none-eabi/lib/thumb/v7e-m+fp/hard\libc_nano.a(libc_a-setvbuf.o)
                0x08005514                setvbuf
 .text.__sread  0x0800567c       0x22 C:/ST/STM32CubeIDE_1.19.0/STM32CubeIDE/plugins/com.st.stm32cube.ide.mcu.externaltools.gnu-tools-for-stm32.13.3.rel1.win32_1.0.0.202411081344/tools/bin/../lib/gcc/arm-none-eabi/13.3.1/../../../../arm-none-eabi/lib/thumb/v7e-m+fp/hard\libc_nano.a(libc_a-stdio.o)
                0x0800567c                __sread
 .text.__swrite
                0x0800569e       0x38 C:/ST/STM32CubeIDE_1.19.0/STM32CubeIDE/plugins/com.st.stm32cube.ide.mcu.externaltools.gnu-tools-for-stm32.13.3.rel1.win32_1.0.0.202411081344/tools/bin/../lib/gcc/arm-none-eabi/13.3.1/../../../../arm-none-eabi/lib/thumb/v7e-m+fp/hard\libc_nano.a(libc_a-stdio.o)
                0x0800569e                __swrite
 .text.__sseek  0x080056d6       0x24 C:/ST/STM32CubeIDE_1.19.0/STM32CubeIDE/plugins/com.st.stm32cube.ide.mcu.externaltools.gnu-tools-for-stm32.13.3.rel1.win32_1.0.0.202411081344/tools/bin/../lib/gcc/arm-none-eabi/13.3.1/../../../../arm-none-eabi/lib/thumb/v7e-m+fp/hard\libc_nano.a(libc_a-stdio.o)
                0x080056d6                __sseek
 .text.__sclose
                0x080056fa        0x8 C:/ST/STM32CubeIDE_1.19.0/STM32CubeIDE/plugins/com.st.stm32cube.ide.mcu.externaltools.gnu-tools-for-stm32.13.3.rel1.win32_1.0.0.202411081344/tools/bin/../lib/gcc/arm-none-eabi/13.3.1/../../../../arm-none-eabi/lib/thumb/v7e-m+fp/hard\libc_nano.a(libc_a-stdio.o)
                0x080056fa                __sclose
 .text.memset   0x08005702       0x10 C:/ST/STM32CubeIDE_1.19.0/STM32CubeIDE/plugins/com.st.stm32cube.ide.mcu.externaltools.gnu-tools-for-stm32.13.3.rel1.win32_1.0.0.202411081344/tools/bin/../lib/gcc/arm-none-eabi/13.3.1/../../../../arm-none-eabi/lib/thumb/v7e-m+fp/hard\libc_nano.a(libc_a-memset.o)
                0x08005702                memset
 *fill*         0x08005712        0x2 
 .text._close_r
                0x08005714       0x20 C:/ST/STM32CubeIDE_1.19.0/STM32CubeIDE/plugins/com.st.stm32cube.ide.mcu.externaltools.gnu-tools-for-stm32.13.3.rel1.win32_1.0.0.202411081344/tools/bin/../lib/gcc/arm-none-eabi/13.3.1/../../../../arm-none-eabi/lib/thumb/v7e-m+fp/hard\libc_nano.a(libc_a-closer.o)
                0x08005714                _close_r
 .text._lseek_r
                0x08005734       0x24 C:/ST/STM32CubeIDE_1.19.0/STM32CubeIDE/plugins/com.st.stm32cube.ide.mcu.externaltools.gnu-tools-for-stm32.13.3.rel1.win32_1.0.0.202411081344/tools/bin/../lib/gcc/arm-none-eabi/13.3.1/../../../../arm-none-eabi/lib/thumb/v7e-m+fp/hard\libc_nano.a(libc_a-lseekr.o)
                0x08005734                _lseek_r
 .text._read_r  0x08005758       0x24 C:/ST/STM32CubeIDE_1.19.0/STM32CubeIDE/plugins/com.st.stm32cube.ide.mcu.externaltools.gnu-tools-for-stm32.13.3.rel1.win32_1.0.0.202411081344/tools/bin/../lib/gcc/arm-none-eabi/13.3.1/../../../../arm-none-eabi/lib/thumb/v7e-m+fp/hard\libc_nano.a(libc_a-readr.o)
                0x08005758                _read_r
 .text._write_r
                0x0800577c       0x24 C:/ST/STM32CubeIDE_1.19.0/STM32CubeIDE/plugins/com.st.stm32cube.ide.mcu.externaltools.gnu-tools-for-stm32.13.3.rel1.win32_1.0.0.202411081344/tools/bin/../lib/gcc/arm-none-eabi/13.3.1/../../../../arm-none-eabi/lib/thumb/v7e-m+fp/hard\libc_nano.a(libc_a-writer.o)
                0x0800577c                _write_r
 .text.__errno  0x080057a0        0xc C:/ST/STM32CubeIDE_1.19.0/STM32CubeIDE/plugins/com.st.stm32cube.ide.mcu.externaltools.gnu-tools-for-stm32.13.3.rel1.win32_1.0.0.202411081344/tools/bin/../lib/gcc/arm-none-eabi/13.3.1/../../../../arm-none-eabi/lib/thumb/v7e-m+fp/hard\libc_nano.a(libc_a-errno.o)
                0x080057a0                __errno
 .text.__libc_init_array
                0x080057ac       0x48 C:/ST/STM32CubeIDE_1.19.0/STM32CubeIDE/plugins/com.st.stm32cube.ide.mcu.externaltools.gnu-tools-for-stm32.13.3.rel1.win32_1.0.0.202411081344/tools/bin/../lib/gcc/arm-none-eabi/13.3.1/../../../../arm-none-eabi/lib/thumb/v7e-m+fp/hard\libc_nano.a(libc_a-init.o)
                0x080057ac                __libc_init_array
 .text.__retarget_lock_init_recursive
                0x080057f4        0x2 C:/ST/STM32CubeIDE_1.19.0/STM32CubeIDE/plugins/com.st.stm32cube.ide.mcu.externaltools.gnu-tools-for-stm32.13.3.rel1.win32_1.0.0.202411081344/tools/bin/../lib/gcc/arm-none-eabi/13.3.1/../../../../arm-none-eabi/lib/thumb/v7e-m+fp/hard\libc_nano.a(libc_a-lock.o)
                0x080057f4                __retarget_lock_init_recursive
 .text.__retarget_lock_acquire_recursive
                0x080057f6        0x2 C:/ST/STM32CubeIDE_1.19.0/STM32CubeIDE/plugins/com.st.stm32cube.ide.mcu.externaltools.gnu-tools-for-stm32.13.3.rel1.win32_1.0.0.202411081344/tools/bin/../lib/gcc/arm-none-eabi/13.3.1/../../../../arm-none-eabi/lib/thumb/v7e-m+fp/hard\libc_nano.a(libc_a-lock.o)
                0x080057f6                __retarget_lock_acquire_recursive
 .text.__retarget_lock_release_recursive
                0x080057f8        0x2 C:/ST/STM32CubeIDE_1.19.0/STM32CubeIDE/plugins/com.st.stm32cube.ide.mcu.externaltools.gnu-tools-for-stm32.13.3.rel1.win32_1.0.0.202411081344/tools/bin/../lib/gcc/arm-none-eabi/13.3.1/../../../../arm-none-eabi/lib/thumb/v7e-m+fp/hard\libc_nano.a(libc_a-lock.o)
                0x080057f8                __retarget_lock_release_recursive
 *fill*         0x080057fa        0x2 
 .text._free_r  0x080057fc       0x94 C:/ST/STM32CubeIDE_1.19.0/STM32CubeIDE/plugins/com.st.stm32cube.ide.mcu.externaltools.gnu-tools-for-stm32.13.3.rel1.win32_1.0.0.202411081344/tools/bin/../lib/gcc/arm-none-eabi/13.3.1/../../../../arm-none-eabi/lib/thumb/v7e-m+fp/hard\libc_nano.a(libc_a-freer.o)
                0x080057fc                _free_r
 .text.malloc   0x08005890       0x10 C:/ST/STM32CubeIDE_1.19.0/STM32CubeIDE/plugins/com.st.stm32cube.ide.mcu.externaltools.gnu-tools-for-stm32.13.3.rel1.win32_1.0.0.202411081344/tools/bin/../lib/gcc/arm-none-eabi/13.3.1/../../../../arm-none-eabi/lib/thumb/v7e-m+fp/hard\libc_nano.a(libc_a-malloc.o)
                0x08005890                malloc
 .text.sbrk_aligned
                0x080058a0       0x44 C:/ST/STM32CubeIDE_1.19.0/STM32CubeIDE/plugins/com.st.stm32cube.ide.mcu.externaltools.gnu-tools-for-stm32.13.3.rel1.win32_1.0.0.202411081344/tools/bin/../lib/gcc/arm-none-eabi/13.3.1/../../../../arm-none-eabi/lib/thumb/v7e-m+fp/hard\libc_nano.a(libc_a-mallocr.o)
 .text._malloc_r
                0x080058e4      0x100 C:/ST/STM32CubeIDE_1.19.0/STM32CubeIDE/plugins/com.st.stm32cube.ide.mcu.externaltools.gnu-tools-for-stm32.13.3.rel1.win32_1.0.0.202411081344/tools/bin/../lib/gcc/arm-none-eabi/13.3.1/../../../../arm-none-eabi/lib/thumb/v7e-m+fp/hard\libc_nano.a(libc_a-mallocr.o)
                0x080058e4                _malloc_r
 .text.__malloc_lock
                0x080059e4        0xc C:/ST/STM32CubeIDE_1.19.0/STM32CubeIDE/plugins/com.st.stm32cube.ide.mcu.externaltools.gnu-tools-for-stm32.13.3.rel1.win32_1.0.0.202411081344/tools/bin/../lib/gcc/arm-none-eabi/13.3.1/../../../../arm-none-eabi/lib/thumb/v7e-m+fp/hard\libc_nano.a(libc_a-mlock.o)
                0x080059e4                __malloc_lock
 .text.__malloc_unlock
                0x080059f0        0xc C:/ST/STM32CubeIDE_1.19.0/STM32CubeIDE/plugins/com.st.stm32cube.ide.mcu.externaltools.gnu-tools-for-stm32.13.3.rel1.win32_1.0.0.202411081344/tools/bin/../lib/gcc/arm-none-eabi/13.3.1/../../../../arm-none-eabi/lib/thumb/v7e-m+fp/hard\libc_nano.a(libc_a-mlock.o)
                0x080059f0                __malloc_unlock
 .text.__sflush_r
                0x080059fc      0x108 C:/ST/STM32CubeIDE_1.19.0/STM32CubeIDE/plugins/com.st.stm32cube.ide.mcu.externaltools.gnu-tools-for-stm32.13.3.rel1.win32_1.0.0.202411081344/tools/bin/../lib/gcc/arm-none-eabi/13.3.1/../../../../arm-none-eabi/lib/thumb/v7e-m+fp/hard\libc_nano.a(libc_a-fflush.o)
                0x080059fc                __sflush_r
 .text._fflush_r
                0x08005b04       0x50 C:/ST/STM32CubeIDE_1.19.0/STM32CubeIDE/plugins/com.st.stm32cube.ide.mcu.externaltools.gnu-tools-for-stm32.13.3.rel1.win32_1.0.0.202411081344/tools/bin/../lib/gcc/arm-none-eabi/13.3.1/../../../../arm-none-eabi/lib/thumb/v7e-m+fp/hard\libc_nano.a(libc_a-fflush.o)
                0x08005b04                _fflush_r
 .text.__swhatbuf_r
                0x08005b54       0x4c C:/ST/STM32CubeIDE_1.19.0/STM32CubeIDE/plugins/com.st.stm32cube.ide.mcu.externaltools.gnu-tools-for-stm32.13.3.rel1.win32_1.0.0.202411081344/tools/bin/../lib/gcc/arm-none-eabi/13.3.1/../../../../arm-none-eabi/lib/thumb/v7e-m+fp/hard\libc_nano.a(libc_a-makebuf.o)
                0x08005b54                __swhatbuf_r
 .text._fstat_r
                0x08005ba0       0x24 C:/ST/STM32CubeIDE_1.19.0/STM32CubeIDE/plugins/com.st.stm32cube.ide.mcu.externaltools.gnu-tools-for-stm32.13.3.rel1.win32_1.0.0.202411081344/tools/bin/../lib/gcc/arm-none-eabi/13.3.1/../../../../arm-none-eabi/lib/thumb/v7e-m+fp/hard\libc_nano.a(libc_a-fstatr.o)
                0x08005ba0                _fstat_r
 .text._sbrk_r  0x08005bc4       0x20 C:/ST/STM32CubeIDE_1.19.0/STM32CubeIDE/plugins/com.st.stm32cube.ide.mcu.externaltools.gnu-tools-for-stm32.13.3.rel1.win32_1.0.0.202411081344/tools/bin/../lib/gcc/arm-none-eabi/13.3.1/../../../../arm-none-eabi/lib/thumb/v7e-m+fp/hard\libc_nano.a(libc_a-sbrkr.o)
                0x08005bc4                _sbrk_r
 *(.glue_7)
 .glue_7        0x08005be4        0x0 linker stubs
 *(.glue_7t)
 .glue_7t       0x08005be4        0x0 linker stubs
 *(.eh_frame)
 .eh_frame      0x08005be4        0x0 C:/ST/STM32CubeIDE_1.19.0/STM32CubeIDE/plugins/com.st.stm32cube.ide.mcu.externaltools.gnu-tools-for-stm32.13.3.rel1.win32_1.0.0.202411081344/tools/bin/../lib/gcc/arm-none-eabi/13.3.1/thumb/v7e-m+fp/hard/crtbegin.o
 *(.init)
 .init          0x08005be4        0x4 C:/ST/STM32CubeIDE_1.19.0/STM32CubeIDE/plugins/com.st.stm32cube.ide.mcu.externaltools.gnu-tools-for-stm32.13.3.rel1.win32_1.0.0.202411081344/tools/bin/../lib/gcc/arm-none-eabi/13.3.1/thumb/v7e-m+fp/hard/crti.o
                0x08005be4                _init
 .init          0x08005be8        0x8 C:/ST/STM32CubeIDE_1.19.0/STM32CubeIDE/plugins/com.st.stm32cube.ide.mcu.externaltools.gnu-tools-for-stm32.13.3.rel1.win32_1.0.0.202411081344/tools/bin/../lib/gcc/arm-none-eabi/13.3.1/thumb/v7e-m+fp/hard/crtn.o
 *(.fini)
 .fini          0x08005bf0        0x4 C:/ST/STM32CubeIDE_1.19.0/STM32CubeIDE/plugins/com.st.stm32cube.ide.mcu.externaltools.gnu-tools-for-stm32.13.3.rel1.win32_1.0.0.202411081344/tools/bin/../lib/gcc/arm-none-eabi/13.3.1/thumb/v7e-m+fp/hard/crti.o
                0x08005bf0                _fini
 .fini          0x08005bf4        0x8 C:/ST/STM32CubeIDE_1.19.0/STM32CubeIDE/plugins/com.st.stm32cube.ide.mcu.externaltools.gnu-tools-for-stm32.13.3.rel1.win32_1.0.0.202411081344/tools/bin/../lib/gcc/arm-none-eabi/13.3.1/thumb/v7e-m+fp/hard/crtn.o
                0x08005bfc                        . = ALIGN (0x4)
                0x08005bfc                        _etext = .

.vfp11_veneer   0x08005bfc        0x0
 .vfp11_veneer  0x08005bfc        0x0 linker stubs

.v4_bx          0x08005bfc        0x0
 .v4_bx         0x08005bfc        0x0 linker stubs

.iplt           0x08005bfc        0x0
 .iplt          0x08005bfc        0x0 C:/ST/STM32CubeIDE_1.19.0/STM32CubeIDE/plugins/com.st.stm32cube.ide.mcu.externaltools.gnu-tools-for-stm32.13.3.rel1.win32_1.0.0.202411081344/tools/bin/../lib/gcc/arm-none-eabi/13.3.1/thumb/v7e-m+fp/hard/crtbegin.o

.rodata         0x08005bfc       0x68
                0x08005bfc                        . = ALIGN (0x4)
 *(.rodata)
 *(.rodata*)
 .rodata.APBPrescTable
                0x08005bfc        0x8 ./Core/Src/system_stm32f4xx.o
                0x08005bfc                APBPrescTable
 .rodata.AHBPrescTable
                0x08005c04       0x10 ./Core/Src/system_stm32f4xx.o
                0x08005c04                AHBPrescTable
 .rodata.flagBitshiftOffset.0
                0x08005c14        0x8 ./Drivers/STM32F4xx_HAL_Driver/Src/stm32f4xx_hal_dma.o
 .rodata.USBD_FS_ManufacturerStrDescriptor.str1.4
                0x08005c1c       0x48 ./USB_DEVICE/App/usbd_desc.o
                                 0x13 (size before relaxing)
 .rodata.USBD_FS_ProductStrDescriptor.str1.4
                0x08005c64       0x12 ./USB_DEVICE/App/usbd_desc.o
 .rodata.USBD_FS_ConfigStrDescriptor.str1.4
                0x08005c64        0xd ./USB_DEVICE/App/usbd_desc.o
 .rodata.USBD_FS_InterfaceStrDescriptor.str1.4
                0x08005c64       0x10 ./USB_DEVICE/App/usbd_desc.o
                0x08005c78                        . = ALIGN (0x4)

.ARM.extab      0x08005c64        0x0
                0x08005c64                        . = ALIGN (0x4)
 *(.ARM.extab* .gnu.linkonce.armextab.*)
                0x08005c64                        . = ALIGN (0x4)

.ARM            0x08005c64        0x8
                0x08005c64                        . = ALIGN (0x4)
                0x08005c64                        __exidx_start = .
 *(.ARM.exidx*)
 .ARM.exidx     0x08005c64        0x8 C:/ST/STM32CubeIDE_1.19.0/STM32CubeIDE/plugins/com.st.stm32cube.ide.mcu.externaltools.gnu-tools-for-stm32.13.3.rel1.win32_1.0.0.202411081344/tools/bin/../lib/gcc/arm-none-eabi/13.3.1/../../../../arm-none-eabi/lib/thumb/v7e-m+fp/hard\libc_nano.a(libc_a-strlen.o)
 .ARM.exidx     0x08005c6c        0x0 C:/ST/STM32CubeIDE_1.19.0/STM32CubeIDE/plugins/com.st.stm32cube.ide.mcu.externaltools.gnu-tools-for-stm32.13.3.rel1.win32_1.0.0.202411081344/tools/bin/../lib/gcc/arm-none-eabi/13.3.1/thumb/v7e-m+fp/hard\libgcc.a(_udivmoddi4.o)
                                  0x8 (size before relaxing)
                0x08005c6c                        __exidx_end = .
                0x08005c6c                        . = ALIGN (0x4)

.preinit_array  0x08005c6c        0x0
                0x08005c6c                        . = ALIGN (0x4)
                0x08005c6c                        PROVIDE (__preinit_array_start = .)
 *(.preinit_array*)
                0x08005c6c                        PROVIDE (__preinit_array_end = .)
                0x08005c6c                        . = ALIGN (0x4)

.init_array     0x08005c6c        0x4
                0x08005c6c                        . = ALIGN (0x4)
                0x08005c6c                        PROVIDE (__init_array_start = .)
 *(SORT_BY_NAME(.init_array.*))
 *(.init_array*)
 .init_array    0x08005c6c        0x4 C:/ST/STM32CubeIDE_1.19.0/STM32CubeIDE/plugins/com.st.stm32cube.ide.mcu.externaltools.gnu-tools-for-stm32.13.3.rel1.win32_1.0.0.202411081344/tools/bin/../lib/gcc/arm-none-eabi/13.3.1/thumb/v7e-m+fp/hard/crtbegin.o
                0x08005c70                        PROVIDE (__init_array_end = .)
                0x08005c70                        . = ALIGN (0x4)

.fini_array     0x08005c70        0x4
                0x08005c70                        . = ALIGN (0x4)
                [!provide]                        PROVIDE (__fini_array_start = .)
 *(SORT_BY_NAME(.fini_array.*))
 *(.fini_array*)
 .fini_array    0x08005c70        0x4 C:/ST/STM32CubeIDE_1.19.0/STM32CubeIDE/plugins/com.st.stm32cube.ide.mcu.externaltools.gnu-tools-for-stm32.13.3.rel1.win32_1.0.0.202411081344/tools/bin/../lib/gcc/arm-none-eabi/13.3.1/thumb/v7e-m+fp/hard/crtbegin.o
                [!provide]                        PROVIDE (__fini_array_end = .)
                0x08005c74                        . = ALIGN (0x4)
                0x08005c74                        _sidata = LOADADDR (.data)

.rel.dyn        0x08005c74        0x0
 .rel.iplt      0x08005c74        0x0 C:/ST/STM32CubeIDE_1.19.0/STM32CubeIDE/plugins/com.st.stm32cube.ide.mcu.externaltools.gnu-tools-for-stm32.13.3.rel1.win32_1.0.0.202411081344/tools/bin/../lib/gcc/arm-none-eabi/13.3.1/thumb/v7e-m+fp/hard/crtbegin.o

.data           0x20000000      0x188 load address 0x08005c74
                0x20000000                        . = ALIGN (0x4)
                0x20000000                        _sdata = .
 *(.data)
 *(.data*)
 .data.SystemCoreClock
                0x20000000        0x4 ./Core/Src/system_stm32f4xx.o
                0x20000000                SystemCoreClock
 .data.uwTickFreq
                0x20000004        0x1 ./Drivers/STM32F4xx_HAL_Driver/Src/stm32f4xx_hal.o
                0x20000004                uwTickFreq
 *fill*         0x20000005        0x3 
 .data.uwTickPrio
                0x20000008        0x4 ./Drivers/STM32F4xx_HAL_Driver/Src/stm32f4xx_hal.o
                0x20000008                uwTickPrio
 .data.USBD_AUDIO_DeviceQualifierDesc
                0x2000000c        0xa ./Middlewares/ST/STM32_USB_Device_Library/Class/AUDIO/Src/usbd_audio.o
 *fill*         0x20000016        0x2 
 .data.USBD_AUDIO_CfgDesc
                0x20000018       0x6d ./Middlewares/ST/STM32_USB_Device_Library/Class/AUDIO/Src/usbd_audio.o
 *fill*         0x20000085        0x3 
 .data.USBD_AUDIO
                0x20000088       0x38 ./Middlewares/ST/STM32_USB_Device_Library/Class/AUDIO/Src/usbd_audio.o
                0x20000088                USBD_AUDIO
 .data.USBD_AUDIO_fops_FS
                0x200000c0       0x1c ./USB_DEVICE/App/usbd_audio_if.o
                0x200000c0                USBD_AUDIO_fops_FS
 .data.USBD_StringSerial
                0x200000dc       0x1a ./USB_DEVICE/App/usbd_desc.o
                0x200000dc                USBD_StringSerial
 *fill*         0x200000f6        0x2 
 .data.USBD_LangIDDesc
                0x200000f8        0x4 ./USB_DEVICE/App/usbd_desc.o
                0x200000f8                USBD_LangIDDesc
 .data.USBD_FS_DeviceDesc
                0x200000fc       0x12 ./USB_DEVICE/App/usbd_desc.o
                0x200000fc                USBD_FS_DeviceDesc
 *fill*         0x2000010e        0x2 
 .data.FS_Desc  0x20000110       0x1c ./USB_DEVICE/App/usbd_desc.o
                0x20000110                FS_Desc
 .data.__sglue  0x2000012c        0xc C:/ST/STM32CubeIDE_1.19.0/STM32CubeIDE/plugins/com.st.stm32cube.ide.mcu.externaltools.gnu-tools-for-stm32.13.3.rel1.win32_1.0.0.202411081344/tools/bin/../lib/gcc/arm-none-eabi/13.3.1/../../../../arm-none-eabi/lib/thumb/v7e-m+fp/hard\libc_nano.a(libc_a-findfp.o)
                0x2000012c                __sglue
 .data._impure_ptr
                0x20000138        0x4 C:/ST/STM32CubeIDE_1.19.0/STM32CubeIDE/plugins/com.st.stm32cube.ide.mcu.externaltools.gnu-tools-for-stm32.13.3.rel1.win32_1.0.0.202411081344/tools/bin/../lib/gcc/arm-none-eabi/13.3.1/../../../../arm-none-eabi/lib/thumb/v7e-m+fp/hard\libc_nano.a(libc_a-impure.o)
                0x20000138                _impure_ptr
 .data._impure_data
                0x2000013c       0x4c C:/ST/STM32CubeIDE_1.19.0/STM32CubeIDE/plugins/com.st.stm32cube.ide.mcu.externaltools.gnu-tools-for-stm32.13.3.rel1.win32_1.0.0.202411081344/tools/bin/../lib/gcc/arm-none-eabi/13.3.1/../../../../arm-none-eabi/lib/thumb/v7e-m+fp/hard\libc_nano.a(libc_a-impure.o)
                0x2000013c                _impure_data
 *(.RamFunc)
 *(.RamFunc*)
                0x20000188                        . = ALIGN (0x4)
                0x20000188                        _edata = .
                0x08005dfc                        _siccmram = LOADADDR (.ccmram)

.igot.plt       0x20000188        0x0 load address 0x08005dfc
 .igot.plt      0x20000188        0x0 C:/ST/STM32CubeIDE_1.19.0/STM32CubeIDE/plugins/com.st.stm32cube.ide.mcu.externaltools.gnu-tools-for-stm32.13.3.rel1.win32_1.0.0.202411081344/tools/bin/../lib/gcc/arm-none-eabi/13.3.1/thumb/v7e-m+fp/hard/crtbegin.o

.ccmram         0x10000000        0x0 load address 0x08005dfc
                0x10000000                        . = ALIGN (0x4)
                0x10000000                        _sccmram = .
 *(.ccmram)
 *(.ccmram*)
                0x10000000                        . = ALIGN (0x4)
                0x10000000                        _eccmram = .
                0x10000000                        . = ALIGN (0x4)

.bss            0x20000188     0x4aa8
                0x20000188                        _sbss = .
                0x20000188                        __bss_start__ = _sbss
 *(.bss)
 .bss           0x20000188       0x1c C:/ST/STM32CubeIDE_1.19.0/STM32CubeIDE/plugins/com.st.stm32cube.ide.mcu.externaltools.gnu-tools-for-stm32.13.3.rel1.win32_1.0.0.202411081344/tools/bin/../lib/gcc/arm-none-eabi/13.3.1/thumb/v7e-m+fp/hard/crtbegin.o
 *(.bss*)
 .bss.MACAddr.0
                0x200001a4        0x6 ./Core/Src/main.o
 *fill*         0x200001aa        0x2 
 .bss.huart3    0x200001ac       0x48 ./Core/Src/main.o
                0x200001ac                huart3
 .bss.hdma_spi3_tx
                0x200001f4       0x60 ./Core/Src/main.o
                0x200001f4                hdma_spi3_tx
 .bss.hi2s3     0x20000254       0x48 ./Core/Src/main.o
                0x20000254                hi2s3
 .bss.heth      0x2000029c       0xb0 ./Core/Src/main.o
                0x2000029c                heth
 .bss.DMATxDscrTab
                0x2000034c       0xa0 ./Core/Src/main.o
                0x2000034c                DMATxDscrTab
 .bss.DMARxDscrTab
                0x200003ec       0xa0 ./Core/Src/main.o
                0x200003ec                DMARxDscrTab
 .bss.TxConfig  0x2000048c       0x38 ./Core/Src/main.o
                0x2000048c                TxConfig
 .bss.__sbrk_heap_end
                0x200004c4        0x4 ./Core/Src/sysmem.o
 .bss.uwTick    0x200004c8        0x4 ./Drivers/STM32F4xx_HAL_Driver/Src/stm32f4xx_hal.o
                0x200004c8                uwTick
 .bss.cfgidx.0  0x200004cc        0x1 ./Middlewares/ST/STM32_USB_Device_Library/Core/Src/usbd_ctlreq.o
 *fill*         0x200004cd        0x3 
 .bss.hUsbDeviceFS
                0x200004d0      0x2dc ./USB_DEVICE/App/usb_device.o
                0x200004d0                hUsbDeviceFS
 .bss.USBD_StrDesc
                0x200007ac      0x200 ./USB_DEVICE/App/usbd_desc.o
                0x200007ac                USBD_StrDesc
 .bss.mem.0     0x200009ac     0x3c54 ./USB_DEVICE/Target/usbd_conf.o
 .bss.hpcd_USB_OTG_FS
                0x20004600      0x4e4 ./USB_DEVICE/Target/usbd_conf.o
                0x20004600                hpcd_USB_OTG_FS
 .bss.__sf      0x20004ae4      0x138 C:/ST/STM32CubeIDE_1.19.0/STM32CubeIDE/plugins/com.st.stm32cube.ide.mcu.externaltools.gnu-tools-for-stm32.13.3.rel1.win32_1.0.0.202411081344/tools/bin/../lib/gcc/arm-none-eabi/13.3.1/../../../../arm-none-eabi/lib/thumb/v7e-m+fp/hard\libc_nano.a(libc_a-findfp.o)
                0x20004ae4                __sf
 .bss.__stdio_exit_handler
                0x20004c1c        0x4 C:/ST/STM32CubeIDE_1.19.0/STM32CubeIDE/plugins/com.st.stm32cube.ide.mcu.externaltools.gnu-tools-for-stm32.13.3.rel1.win32_1.0.0.202411081344/tools/bin/../lib/gcc/arm-none-eabi/13.3.1/../../../../arm-none-eabi/lib/thumb/v7e-m+fp/hard\libc_nano.a(libc_a-findfp.o)
                0x20004c1c                __stdio_exit_handler
 .bss.errno     0x20004c20        0x4 C:/ST/STM32CubeIDE_1.19.0/STM32CubeIDE/plugins/com.st.stm32cube.ide.mcu.externaltools.gnu-tools-for-stm32.13.3.rel1.win32_1.0.0.202411081344/tools/bin/../lib/gcc/arm-none-eabi/13.3.1/../../../../arm-none-eabi/lib/thumb/v7e-m+fp/hard\libc_nano.a(libc_a-reent.o)
                0x20004c20                errno
 .bss.__lock___malloc_recursive_mutex
                0x20004c24        0x1 C:/ST/STM32CubeIDE_1.19.0/STM32CubeIDE/plugins/com.st.stm32cube.ide.mcu.externaltools.gnu-tools-for-stm32.13.3.rel1.win32_1.0.0.202411081344/tools/bin/../lib/gcc/arm-none-eabi/13.3.1/../../../../arm-none-eabi/lib/thumb/v7e-m+fp/hard\libc_nano.a(libc_a-lock.o)
                0x20004c24                __lock___malloc_recursive_mutex
 .bss.__lock___sfp_recursive_mutex
                0x20004c25        0x1 C:/ST/STM32CubeIDE_1.19.0/STM32CubeIDE/plugins/com.st.stm32cube.ide.mcu.externaltools.gnu-tools-for-stm32.13.3.rel1.win32_1.0.0.202411081344/tools/bin/../lib/gcc/arm-none-eabi/13.3.1/../../../../arm-none-eabi/lib/thumb/v7e-m+fp/hard\libc_nano.a(libc_a-lock.o)
                0x20004c25                __lock___sfp_recursive_mutex
 *fill*         0x20004c26        0x2 
 .bss.__malloc_sbrk_start
                0x20004c28        0x4 C:/ST/STM32CubeIDE_1.19.0/STM32CubeIDE/plugins/com.st.stm32cube.ide.mcu.externaltools.gnu-tools-for-stm32.13.3.rel1.win32_1.0.0.202411081344/tools/bin/../lib/gcc/arm-none-eabi/13.3.1/../../../../arm-none-eabi/lib/thumb/v7e-m+fp/hard\libc_nano.a(libc_a-mallocr.o)
                0x20004c28                __malloc_sbrk_start
 .bss.__malloc_free_list
                0x20004c2c        0x4 C:/ST/STM32CubeIDE_1.19.0/STM32CubeIDE/plugins/com.st.stm32cube.ide.mcu.externaltools.gnu-tools-for-stm32.13.3.rel1.win32_1.0.0.202411081344/tools/bin/../lib/gcc/arm-none-eabi/13.3.1/../../../../arm-none-eabi/lib/thumb/v7e-m+fp/hard\libc_nano.a(libc_a-mallocr.o)
                0x20004c2c                __malloc_free_list
 *(COMMON)
                0x20004c30                        . = ALIGN (0x4)
                0x20004c30                        _ebss = .
                0x20004c30                        __bss_end__ = _ebss

._user_heap_stack
                0x20004c30     0x8400
                0x20004c30                        . = ALIGN (0x8)
                [!provide]                        PROVIDE (end = .)
                0x20004c30                        PROVIDE (_end = .)
                0x2000cc30                        . = (. + _Min_Heap_Size)
 *fill*         0x20004c30     0x8000 
                0x2000d030                        . = (. + _Min_Stack_Size)
 *fill*         0x2000cc30      0x400 
                0x2000d030                        . = ALIGN (0x8)

/DISCARD/
 libc.a(*)
 libm.a(*)
 libgcc.a(*)

.ARM.attributes
                0x00000000       0x30
 *(.ARM.attributes)
 .ARM.attributes
                0x00000000       0x22 C:/ST/STM32CubeIDE_1.19.0/STM32CubeIDE/plugins/com.st.stm32cube.ide.mcu.externaltools.gnu-tools-for-stm32.13.3.rel1.win32_1.0.0.202411081344/tools/bin/../lib/gcc/arm-none-eabi/13.3.1/thumb/v7e-m+fp/hard/crti.o
 .ARM.attributes
                0x00000022       0x34 C:/ST/STM32CubeIDE_1.19.0/STM32CubeIDE/plugins/com.st.stm32cube.ide.mcu.externaltools.gnu-tools-for-stm32.13.3.rel1.win32_1.0.0.202411081344/tools/bin/../lib/gcc/arm-none-eabi/13.3.1/thumb/v7e-m+fp/hard/crtbegin.o
 .ARM.attributes
                0x00000056       0x34 ./Core/Src/main.o
 .ARM.attributes
                0x0000008a       0x34 ./Core/Src/stm32f4xx_hal_msp.o
 .ARM.attributes
                0x000000be       0x34 ./Core/Src/stm32f4xx_it.o
 .ARM.attributes
                0x000000f2       0x34 ./Core/Src/syscalls.o
 .ARM.attributes
                0x00000126       0x34 ./Core/Src/sysmem.o
 .ARM.attributes
                0x0000015a       0x34 ./Core/Src/system_stm32f4xx.o
 .ARM.attributes
                0x0000018e       0x21 ./Core/Startup/startup_stm32f429zitx.o
 .ARM.attributes
                0x000001af       0x34 ./Drivers/STM32F4xx_HAL_Driver/Src/stm32f4xx_hal.o
 .ARM.attributes
                0x000001e3       0x34 ./Drivers/STM32F4xx_HAL_Driver/Src/stm32f4xx_hal_cortex.o
 .ARM.attributes
                0x00000217       0x34 ./Drivers/STM32F4xx_HAL_Driver/Src/stm32f4xx_hal_dma.o
 .ARM.attributes
                0x0000024b       0x34 ./Drivers/STM32F4xx_HAL_Driver/Src/stm32f4xx_hal_eth.o
 .ARM.attributes
                0x0000027f       0x34 ./Drivers/STM32F4xx_HAL_Driver/Src/stm32f4xx_hal_gpio.o
 .ARM.attributes
                0x000002b3       0x34 ./Drivers/STM32F4xx_HAL_Driver/Src/stm32f4xx_hal_i2s.o
 .ARM.attributes
                0x000002e7       0x34 ./Drivers/STM32F4xx_HAL_Driver/Src/stm32f4xx_hal_i2s_ex.o
 .ARM.attributes
                0x0000031b       0x34 ./Drivers/STM32F4xx_HAL_Driver/Src/stm32f4xx_hal_pcd.o
 .ARM.attributes
                0x0000034f       0x34 ./Drivers/STM32F4xx_HAL_Driver/Src/stm32f4xx_hal_pcd_ex.o
 .ARM.attributes
                0x00000383       0x34 ./Drivers/STM32F4xx_HAL_Driver/Src/stm32f4xx_hal_rcc.o
 .ARM.attributes
                0x000003b7       0x34 ./Drivers/STM32F4xx_HAL_Driver/Src/stm32f4xx_hal_rcc_ex.o
 .ARM.attributes
                0x000003eb       0x34 ./Drivers/STM32F4xx_HAL_Driver/Src/stm32f4xx_hal_uart.o
 .ARM.attributes
                0x0000041f       0x34 ./Drivers/STM32F4xx_HAL_Driver/Src/stm32f4xx_ll_usb.o
 .ARM.attributes
                0x00000453       0x34 ./Middlewares/ST/STM32_USB_Device_Library/Class/AUDIO/Src/usbd_audio.o
 .ARM.attributes
                0x00000487       0x34 ./Middlewares/ST/STM32_USB_Device_Library/Core/Src/usbd_core.o
 .ARM.attributes
                0x000004bb       0x34 ./Middlewares/ST/STM32_USB_Device_Library/Core/Src/usbd_ctlreq.o
 .ARM.attributes
                0x000004ef       0x34 ./Middlewares/ST/STM32_USB_Device_Library/Core/Src/usbd_ioreq.o
 .ARM.attributes
                0x00000523       0x34 ./USB_DEVICE/App/usb_device.o
 .ARM.attributes
                0x00000557       0x34 ./USB_DEVICE/App/usbd_audio_if.o
 .ARM.attributes
                0x0000058b       0x34 ./USB_DEVICE/App/usbd_desc.o
 .ARM.attributes
                0x000005bf       0x34 ./USB_DEVICE/Target/usbd_conf.o
 .ARM.attributes
                0x000005f3       0x34 C:/ST/STM32CubeIDE_1.19.0/STM32CubeIDE/plugins/com.st.stm32cube.ide.mcu.externaltools.gnu-tools-for-stm32.13.3.rel1.win32_1.0.0.202411081344/tools/bin/../lib/gcc/arm-none-eabi/13.3.1/../../../../arm-none-eabi/lib/thumb/v7e-m+fp/hard\libc_nano.a(libc_a-findfp.o)
 .ARM.attributes
                0x00000627       0x34 C:/ST/STM32CubeIDE_1.19.0/STM32CubeIDE/plugins/com.st.stm32cube.ide.mcu.externaltools.gnu-tools-for-stm32.13.3.rel1.win32_1.0.0.202411081344/tools/bin/../lib/gcc/arm-none-eabi/13.3.1/../../../../arm-none-eabi/lib/thumb/v7e-m+fp/hard\libc_nano.a(libc_a-fwalk.o)
 .ARM.attributes
                0x0000065b       0x34 C:/ST/STM32CubeIDE_1.19.0/STM32CubeIDE/plugins/com.st.stm32cube.ide.mcu.externaltools.gnu-tools-for-stm32.13.3.rel1.win32_1.0.0.202411081344/tools/bin/../lib/gcc/arm-none-eabi/13.3.1/../../../../arm-none-eabi/lib/thumb/v7e-m+fp/hard\libc_nano.a(libc_a-setbuf.o)
 .ARM.attributes
                0x0000068f       0x34 C:/ST/STM32CubeIDE_1.19.0/STM32CubeIDE/plugins/com.st.stm32cube.ide.mcu.externaltools.gnu-tools-for-stm32.13.3.rel1.win32_1.0.0.202411081344/tools/bin/../lib/gcc/arm-none-eabi/13.3.1/../../../../arm-none-eabi/lib/thumb/v7e-m+fp/hard\libc_nano.a(libc_a-setvbuf.o)
 .ARM.attributes
                0x000006c3       0x34 C:/ST/STM32CubeIDE_1.19.0/STM32CubeIDE/plugins/com.st.stm32cube.ide.mcu.externaltools.gnu-tools-for-stm32.13.3.rel1.win32_1.0.0.202411081344/tools/bin/../lib/gcc/arm-none-eabi/13.3.1/../../../../arm-none-eabi/lib/thumb/v7e-m+fp/hard\libc_nano.a(libc_a-stdio.o)
 .ARM.attributes
                0x000006f7       0x34 C:/ST/STM32CubeIDE_1.19.0/STM32CubeIDE/plugins/com.st.stm32cube.ide.mcu.externaltools.gnu-tools-for-stm32.13.3.rel1.win32_1.0.0.202411081344/tools/bin/../lib/gcc/arm-none-eabi/13.3.1/../../../../arm-none-eabi/lib/thumb/v7e-m+fp/hard\libc_nano.a(libc_a-memset.o)
 .ARM.attributes
                0x0000072b       0x34 C:/ST/STM32CubeIDE_1.19.0/STM32CubeIDE/plugins/com.st.stm32cube.ide.mcu.externaltools.gnu-tools-for-stm32.13.3.rel1.win32_1.0.0.202411081344/tools/bin/../lib/gcc/arm-none-eabi/13.3.1/../../../../arm-none-eabi/lib/thumb/v7e-m+fp/hard\libc_nano.a(libc_a-closer.o)
 .ARM.attributes
                0x0000075f       0x34 C:/ST/STM32CubeIDE_1.19.0/STM32CubeIDE/plugins/com.st.stm32cube.ide.mcu.externaltools.gnu-tools-for-stm32.13.3.rel1.win32_1.0.0.202411081344/tools/bin/../lib/gcc/arm-none-eabi/13.3.1/../../../../arm-none-eabi/lib/thumb/v7e-m+fp/hard\libc_nano.a(libc_a-reent.o)
 .ARM.attributes
                0x00000793       0x34 C:/ST/STM32CubeIDE_1.19.0/STM32CubeIDE/plugins/com.st.stm32cube.ide.mcu.externaltools.gnu-tools-for-stm32.13.3.rel1.win32_1.0.0.202411081344/tools/bin/../lib/gcc/arm-none-eabi/13.3.1/../../../../arm-none-eabi/lib/thumb/v7e-m+fp/hard\libc_nano.a(libc_a-impure.o)
 .ARM.attributes
                0x000007c7       0x34 C:/ST/STM32CubeIDE_1.19.0/STM32CubeIDE/plugins/com.st.stm32cube.ide.mcu.externaltools.gnu-tools-for-stm32.13.3.rel1.win32_1.0.0.202411081344/tools/bin/../lib/gcc/arm-none-eabi/13.3.1/../../../../arm-none-eabi/lib/thumb/v7e-m+fp/hard\libc_nano.a(libc_a-lseekr.o)
 .ARM.attributes
                0x000007fb       0x34 C:/ST/STM32CubeIDE_1.19.0/STM32CubeIDE/plugins/com.st.stm32cube.ide.mcu.externaltools.gnu-tools-for-stm32.13.3.rel1.win32_1.0.0.202411081344/tools/bin/../lib/gcc/arm-none-eabi/13.3.1/../../../../arm-none-eabi/lib/thumb/v7e-m+fp/hard\libc_nano.a(libc_a-readr.o)
 .ARM.attributes
                0x0000082f       0x34 C:/ST/STM32CubeIDE_1.19.0/STM32CubeIDE/plugins/com.st.stm32cube.ide.mcu.externaltools.gnu-tools-for-stm32.13.3.rel1.win32_1.0.0.202411081344/tools/bin/../lib/gcc/arm-none-eabi/13.3.1/../../../../arm-none-eabi/lib/thumb/v7e-m+fp/hard\libc_nano.a(libc_a-writer.o)
 .ARM.attributes
                0x00000863       0x34 C:/ST/STM32CubeIDE_1.19.0/STM32CubeIDE/plugins/com.st.stm32cube.ide.mcu.externaltools.gnu-tools-for-stm32.13.3.rel1.win32_1.0.0.202411081344/tools/bin/../lib/gcc/arm-none-eabi/13.3.1/../../../../arm-none-eabi/lib/thumb/v7e-m+fp/hard\libc_nano.a(libc_a-errno.o)
 .ARM.attributes
                0x00000897       0x34 C:/ST/STM32CubeIDE_1.19.0/STM32CubeIDE/plugins/com.st.stm32cube.ide.mcu.externaltools.gnu-tools-for-stm32.13.3.rel1.win32_1.0.0.202411081344/tools/bin/../lib/gcc/arm-none-eabi/13.3.1/../../../../arm-none-eabi/lib/thumb/v7e-m+fp/hard\libc_nano.a(libc_a-init.o)
 .ARM.attributes
                0x000008cb       0x34 C:/ST/STM32CubeIDE_1.19.0/STM32CubeIDE/plugins/com.st.stm32cube.ide.mcu.externaltools.gnu-tools-for-stm32.13.3.rel1.win32_1.0.0.202411081344/tools/bin/../lib/gcc/arm-none-eabi/13.3.1/../../../../arm-none-eabi/lib/thumb/v7e-m+fp/hard\libc_nano.a(libc_a-lock.o)
 .ARM.attributes
                0x000008ff       0x17 C:/ST/STM32CubeIDE_1.19.0/STM32CubeIDE/plugins/com.st.stm32cube.ide.mcu.externaltools.gnu-tools-for-stm32.13.3.rel1.win32_1.0.0.202411081344/tools/bin/../lib/gcc/arm-none-eabi/13.3.1/../../../../arm-none-eabi/lib/thumb/v7e-m+fp/hard\libc_nano.a(libc_a-strlen.o)
 .ARM.attributes
                0x00000916       0x34 C:/ST/STM32CubeIDE_1.19.0/STM32CubeIDE/plugins/com.st.stm32cube.ide.mcu.externaltools.gnu-tools-for-stm32.13.3.rel1.win32_1.0.0.202411081344/tools/bin/../lib/gcc/arm-none-eabi/13.3.1/../../../../arm-none-eabi/lib/thumb/v7e-m+fp/hard\libc_nano.a(libc_a-freer.o)
 .ARM.attributes
                0x0000094a       0x34 C:/ST/STM32CubeIDE_1.19.0/STM32CubeIDE/plugins/com.st.stm32cube.ide.mcu.externaltools.gnu-tools-for-stm32.13.3.rel1.win32_1.0.0.202411081344/tools/bin/../lib/gcc/arm-none-eabi/13.3.1/../../../../arm-none-eabi/lib/thumb/v7e-m+fp/hard\libc_nano.a(libc_a-malloc.o)
 .ARM.attributes
                0x0000097e       0x34 C:/ST/STM32CubeIDE_1.19.0/STM32CubeIDE/plugins/com.st.stm32cube.ide.mcu.externaltools.gnu-tools-for-stm32.13.3.rel1.win32_1.0.0.202411081344/tools/bin/../lib/gcc/arm-none-eabi/13.3.1/../../../../arm-none-eabi/lib/thumb/v7e-m+fp/hard\libc_nano.a(libc_a-mallocr.o)
 .ARM.attributes
                0x000009b2       0x34 C:/ST/STM32CubeIDE_1.19.0/STM32CubeIDE/plugins/com.st.stm32cube.ide.mcu.externaltools.gnu-tools-for-stm32.13.3.rel1.win32_1.0.0.202411081344/tools/bin/../lib/gcc/arm-none-eabi/13.3.1/../../../../arm-none-eabi/lib/thumb/v7e-m+fp/hard\libc_nano.a(libc_a-mlock.o)
 .ARM.attributes
                0x000009e6       0x34 C:/ST/STM32CubeIDE_1.19.0/STM32CubeIDE/plugins/com.st.stm32cube.ide.mcu.externaltools.gnu-tools-for-stm32.13.3.rel1.win32_1.0.0.202411081344/tools/bin/../lib/gcc/arm-none-eabi/13.3.1/../../../../arm-none-eabi/lib/thumb/v7e-m+fp/hard\libc_nano.a(libc_a-fflush.o)
 .ARM.attributes
                0x00000a1a       0x34 C:/ST/STM32CubeIDE_1.19.0/STM32CubeIDE/plugins/com.st.stm32cube.ide.mcu.externaltools.gnu-tools-for-stm32.13.3.rel1.win32_1.0.0.202411081344/tools/bin/../lib/gcc/arm-none-eabi/13.3.1/../../../../arm-none-eabi/lib/thumb/v7e-m+fp/hard\libc_nano.a(libc_a-makebuf.o)
 .ARM.attributes
                0x00000a4e       0x34 C:/ST/STM32CubeIDE_1.19.0/STM32CubeIDE/plugins/com.st.stm32cube.ide.mcu.externaltools.gnu-tools-for-stm32.13.3.rel1.win32_1.0.0.202411081344/tools/bin/../lib/gcc/arm-none-eabi/13.3.1/../../../../arm-none-eabi/lib/thumb/v7e-m+fp/hard\libc_nano.a(libc_a-fstatr.o)
 .ARM.attributes
                0x00000a82       0x34 C:/ST/STM32CubeIDE_1.19.0/STM32CubeIDE/plugins/com.st.stm32cube.ide.mcu.externaltools.gnu-tools-for-stm32.13.3.rel1.win32_1.0.0.202411081344/tools/bin/../lib/gcc/arm-none-eabi/13.3.1/../../../../arm-none-eabi/lib/thumb/v7e-m+fp/hard\libc_nano.a(libc_a-sbrkr.o)
 .ARM.attributes
                0x00000ab6       0x22 C:/ST/STM32CubeIDE_1.19.0/STM32CubeIDE/plugins/com.st.stm32cube.ide.mcu.externaltools.gnu-tools-for-stm32.13.3.rel1.win32_1.0.0.202411081344/tools/bin/../lib/gcc/arm-none-eabi/13.3.1/thumb/v7e-m+fp/hard\libgcc.a(_aeabi_uldivmod.o)
 .ARM.attributes
                0x00000ad8       0x34 C:/ST/STM32CubeIDE_1.19.0/STM32CubeIDE/plugins/com.st.stm32cube.ide.mcu.externaltools.gnu-tools-for-stm32.13.3.rel1.win32_1.0.0.202411081344/tools/bin/../lib/gcc/arm-none-eabi/13.3.1/thumb/v7e-m+fp/hard\libgcc.a(_udivmoddi4.o)
 .ARM.attributes
                0x00000b0c       0x22 C:/ST/STM32CubeIDE_1.19.0/STM32CubeIDE/plugins/com.st.stm32cube.ide.mcu.externaltools.gnu-tools-for-stm32.13.3.rel1.win32_1.0.0.202411081344/tools/bin/../lib/gcc/arm-none-eabi/13.3.1/thumb/v7e-m+fp/hard\libgcc.a(_dvmd_tls.o)
 .ARM.attributes
                0x00000b2e       0x22 C:/ST/STM32CubeIDE_1.19.0/STM32CubeIDE/plugins/com.st.stm32cube.ide.mcu.externaltools.gnu-tools-for-stm32.13.3.rel1.win32_1.0.0.202411081344/tools/bin/../lib/gcc/arm-none-eabi/13.3.1/thumb/v7e-m+fp/hard/crtn.o
OUTPUT(USB_test.elf elf32-littlearm)
LOAD linker stubs
LOAD C:/ST/STM32CubeIDE_1.19.0/STM32CubeIDE/plugins/com.st.stm32cube.ide.mcu.externaltools.gnu-tools-for-stm32.13.3.rel1.win32_1.0.0.202411081344/tools/bin/../lib/gcc/arm-none-eabi/13.3.1/../../../../arm-none-eabi/lib/thumb/v7e-m+fp/hard\libc.a
LOAD C:/ST/STM32CubeIDE_1.19.0/STM32CubeIDE/plugins/com.st.stm32cube.ide.mcu.externaltools.gnu-tools-for-stm32.13.3.rel1.win32_1.0.0.202411081344/tools/bin/../lib/gcc/arm-none-eabi/13.3.1/../../../../arm-none-eabi/lib/thumb/v7e-m+fp/hard\libm.a
LOAD C:/ST/STM32CubeIDE_1.19.0/STM32CubeIDE/plugins/com.st.stm32cube.ide.mcu.externaltools.gnu-tools-for-stm32.13.3.rel1.win32_1.0.0.202411081344/tools/bin/../lib/gcc/arm-none-eabi/13.3.1/thumb/v7e-m+fp/hard\libgcc.a

.debug_info     0x00000000    0x1ead3
 .debug_info    0x00000000     0x2828 ./Core/Src/main.o
 .debug_info    0x00002828     0x194b ./Core/Src/stm32f4xx_hal_msp.o
 .debug_info    0x00004173      0x8af ./Core/Src/stm32f4xx_it.o
 .debug_info    0x00004a22      0x7a5 ./Core/Src/syscalls.o
 .debug_info    0x000051c7      0x186 ./Core/Src/sysmem.o
 .debug_info    0x0000534d      0x547 ./Core/Src/system_stm32f4xx.o
 .debug_info    0x00005894       0x30 ./Core/Startup/startup_stm32f429zitx.o
 .debug_info    0x000058c4      0xa92 ./Drivers/STM32F4xx_HAL_Driver/Src/stm32f4xx_hal.o
 .debug_info    0x00006356     0x1059 ./Drivers/STM32F4xx_HAL_Driver/Src/stm32f4xx_hal_cortex.o
 .debug_info    0x000073af      0xb2e ./Drivers/STM32F4xx_HAL_Driver/Src/stm32f4xx_hal_dma.o
 .debug_info    0x00007edd     0x28be ./Drivers/STM32F4xx_HAL_Driver/Src/stm32f4xx_hal_eth.o
 .debug_info    0x0000a79b      0x724 ./Drivers/STM32F4xx_HAL_Driver/Src/stm32f4xx_hal_gpio.o
 .debug_info    0x0000aebf     0x1271 ./Drivers/STM32F4xx_HAL_Driver/Src/stm32f4xx_hal_i2s.o
 .debug_info    0x0000c130      0xe3d ./Drivers/STM32F4xx_HAL_Driver/Src/stm32f4xx_hal_i2s_ex.o
 .debug_info    0x0000cf6d     0x1d12 ./Drivers/STM32F4xx_HAL_Driver/Src/stm32f4xx_hal_pcd.o
 .debug_info    0x0000ec7f      0x70b ./Drivers/STM32F4xx_HAL_Driver/Src/stm32f4xx_hal_pcd_ex.o
 .debug_info    0x0000f38a      0xafd ./Drivers/STM32F4xx_HAL_Driver/Src/stm32f4xx_hal_rcc.o
 .debug_info    0x0000fe87      0x7e2 ./Drivers/STM32F4xx_HAL_Driver/Src/stm32f4xx_hal_rcc_ex.o
 .debug_info    0x00010669     0x4185 ./Drivers/STM32F4xx_HAL_Driver/Src/stm32f4xx_hal_uart.o
 .debug_info    0x000147ee     0x21ab ./Drivers/STM32F4xx_HAL_Driver/Src/stm32f4xx_ll_usb.o
 .debug_info    0x00016999     0x11c4 ./Middlewares/ST/STM32_USB_Device_Library/Class/AUDIO/Src/usbd_audio.o
 .debug_info    0x00017b5d     0x1250 ./Middlewares/ST/STM32_USB_Device_Library/Core/Src/usbd_core.o
 .debug_info    0x00018dad     0x12db ./Middlewares/ST/STM32_USB_Device_Library/Core/Src/usbd_ctlreq.o
 .debug_info    0x0001a088      0x8fa ./Middlewares/ST/STM32_USB_Device_Library/Core/Src/usbd_ioreq.o
 .debug_info    0x0001a982      0x804 ./USB_DEVICE/App/usb_device.o
 .debug_info    0x0001b186      0xf44 ./USB_DEVICE/App/usbd_audio_if.o
 .debug_info    0x0001c0ca      0x660 ./USB_DEVICE/App/usbd_desc.o
 .debug_info    0x0001c72a     0x23a9 ./USB_DEVICE/Target/usbd_conf.o

.debug_abbrev   0x00000000     0x4f2a
 .debug_abbrev  0x00000000      0x432 ./Core/Src/main.o
 .debug_abbrev  0x00000432      0x2b2 ./Core/Src/stm32f4xx_hal_msp.o
 .debug_abbrev  0x000006e4      0x215 ./Core/Src/stm32f4xx_it.o
 .debug_abbrev  0x000008f9      0x206 ./Core/Src/syscalls.o
 .debug_abbrev  0x00000aff       0xdc ./Core/Src/sysmem.o
 .debug_abbrev  0x00000bdb      0x120 ./Core/Src/system_stm32f4xx.o
 .debug_abbrev  0x00000cfb       0x24 ./Core/Startup/startup_stm32f429zitx.o
 .debug_abbrev  0x00000d1f      0x285 ./Drivers/STM32F4xx_HAL_Driver/Src/stm32f4xx_hal.o
 .debug_abbrev  0x00000fa4      0x388 ./Drivers/STM32F4xx_HAL_Driver/Src/stm32f4xx_hal_cortex.o
 .debug_abbrev  0x0000132c      0x337 ./Drivers/STM32F4xx_HAL_Driver/Src/stm32f4xx_hal_dma.o
 .debug_abbrev  0x00001663      0x3f8 ./Drivers/STM32F4xx_HAL_Driver/Src/stm32f4xx_hal_eth.o
 .debug_abbrev  0x00001a5b      0x215 ./Drivers/STM32F4xx_HAL_Driver/Src/stm32f4xx_hal_gpio.o
 .debug_abbrev  0x00001c70      0x329 ./Drivers/STM32F4xx_HAL_Driver/Src/stm32f4xx_hal_i2s.o
 .debug_abbrev  0x00001f99      0x36e ./Drivers/STM32F4xx_HAL_Driver/Src/stm32f4xx_hal_i2s_ex.o
 .debug_abbrev  0x00002307      0x3ec ./Drivers/STM32F4xx_HAL_Driver/Src/stm32f4xx_hal_pcd.o
 .debug_abbrev  0x000026f3      0x1fa ./Drivers/STM32F4xx_HAL_Driver/Src/stm32f4xx_hal_pcd_ex.o
 .debug_abbrev  0x000028ed      0x352 ./Drivers/STM32F4xx_HAL_Driver/Src/stm32f4xx_hal_rcc.o
 .debug_abbrev  0x00002c3f      0x1c4 ./Drivers/STM32F4xx_HAL_Driver/Src/stm32f4xx_hal_rcc_ex.o
 .debug_abbrev  0x00002e03      0x44c ./Drivers/STM32F4xx_HAL_Driver/Src/stm32f4xx_hal_uart.o
 .debug_abbrev  0x0000324f      0x3fc ./Drivers/STM32F4xx_HAL_Driver/Src/stm32f4xx_ll_usb.o
 .debug_abbrev  0x0000364b      0x42a ./Middlewares/ST/STM32_USB_Device_Library/Class/AUDIO/Src/usbd_audio.o
 .debug_abbrev  0x00003a75      0x3a8 ./Middlewares/ST/STM32_USB_Device_Library/Core/Src/usbd_core.o
 .debug_abbrev  0x00003e1d      0x412 ./Middlewares/ST/STM32_USB_Device_Library/Core/Src/usbd_ctlreq.o
 .debug_abbrev  0x0000422f      0x1be ./Middlewares/ST/STM32_USB_Device_Library/Core/Src/usbd_ioreq.o
 .debug_abbrev  0x000043ed      0x1f9 ./USB_DEVICE/App/usb_device.o
 .debug_abbrev  0x000045e6      0x32a ./USB_DEVICE/App/usbd_audio_if.o
 .debug_abbrev  0x00004910      0x25e ./USB_DEVICE/App/usbd_desc.o
 .debug_abbrev  0x00004b6e      0x3bc ./USB_DEVICE/Target/usbd_conf.o

.debug_loclists
                0x00000000     0xc9ac
 .debug_loclists
                0x00000000       0x61 ./Core/Src/main.o
 .debug_loclists
                0x00000061       0xba ./Core/Src/stm32f4xx_hal_msp.o
 .debug_loclists
                0x0000011b      0x2cd ./Core/Src/syscalls.o
 .debug_loclists
                0x000003e8       0x5a ./Core/Src/sysmem.o
 .debug_loclists
                0x00000442       0x7b ./Core/Src/system_stm32f4xx.o
 .debug_loclists
                0x000004bd       0xf4 ./Drivers/STM32F4xx_HAL_Driver/Src/stm32f4xx_hal.o
 .debug_loclists
                0x000005b1      0x5dd ./Drivers/STM32F4xx_HAL_Driver/Src/stm32f4xx_hal_cortex.o
 .debug_loclists
                0x00000b8e      0x655 ./Drivers/STM32F4xx_HAL_Driver/Src/stm32f4xx_hal_dma.o
 .debug_loclists
                0x000011e3     0x153d ./Drivers/STM32F4xx_HAL_Driver/Src/stm32f4xx_hal_eth.o
 .debug_loclists
                0x00002720      0x3db ./Drivers/STM32F4xx_HAL_Driver/Src/stm32f4xx_hal_gpio.o
 .debug_loclists
                0x00002afb      0xc17 ./Drivers/STM32F4xx_HAL_Driver/Src/stm32f4xx_hal_i2s.o
 .debug_loclists
                0x00003712      0x707 ./Drivers/STM32F4xx_HAL_Driver/Src/stm32f4xx_hal_i2s_ex.o
 .debug_loclists
                0x00003e19      0xf96 ./Drivers/STM32F4xx_HAL_Driver/Src/stm32f4xx_hal_pcd.o
 .debug_loclists
                0x00004daf       0xc9 ./Drivers/STM32F4xx_HAL_Driver/Src/stm32f4xx_hal_pcd_ex.o
 .debug_loclists
                0x00004e78      0x390 ./Drivers/STM32F4xx_HAL_Driver/Src/stm32f4xx_hal_rcc.o
 .debug_loclists
                0x00005208      0x323 ./Drivers/STM32F4xx_HAL_Driver/Src/stm32f4xx_hal_rcc_ex.o
 .debug_loclists
                0x0000552b     0x2d1c ./Drivers/STM32F4xx_HAL_Driver/Src/stm32f4xx_hal_uart.o
 .debug_loclists
                0x00008247     0x1d7a ./Drivers/STM32F4xx_HAL_Driver/Src/stm32f4xx_ll_usb.o
 .debug_loclists
                0x00009fc1      0x5cb ./Middlewares/ST/STM32_USB_Device_Library/Class/AUDIO/Src/usbd_audio.o
 .debug_loclists
                0x0000a58c      0x8cb ./Middlewares/ST/STM32_USB_Device_Library/Core/Src/usbd_core.o