../USB_DEVICE/App/usbd_audio_if.c:153:15:AUDIO_Init_FS	24	static
../USB_DEVICE/App/usbd_audio_if.c:168:15:AUDIO_DeInit_FS	16	static
../USB_DEVICE/App/usbd_audio_if.c:183:15:AUDIO_AudioCmd_FS	24	static
../USB_DEVICE/App/usbd_audio_if.c:214:15:AUDIO_VolumeCtl_FS	16	static
../USB_DEVICE/App/usbd_audio_if.c:227:15:AUDIO_MuteCtl_FS	16	static
../USB_DEVICE/App/usbd_audio_if.c:240:15:AUDIO_PeriodicTC_FS	24	static
../USB_DEVICE/App/usbd_audio_if.c:254:15:AUDIO_GetState_FS	4	static
../USB_DEVICE/App/usbd_audio_if.c:265:6:TransferComplete_CallBack_FS	8	static
../USB_DEVICE/App/usbd_audio_if.c:276:6:HalfTransfer_CallBack_FS	8	static
../USB_DEVICE/App/usbd_audio_if.c:286:6:HAL_I2S_TxHalfCpltCallback	16	static
../USB_DEVICE/App/usbd_audio_if.c:293:6:HAL_I2S_TxCpltCallback	16	static
